###############################################################################
#
# IAR ELF Linker V7.50.2.10312/W32 for ARM                29/Feb/2020  18:59:56
# Copyright 2007-2015 IAR Systems AB.
#
#    Output file  =  
#        D:\USER\(D)\대학\RATS\소프트웨어\cubemx\test\FreeRTOSEX_5\Timer\EWARM\Timer\Exe\Timer.out
#    Map file     =  
#        D:\USER\(D)\대학\RATS\소프트웨어\cubemx\test\FreeRTOSEX_5\Timer\EWARM\Timer\List\Timer.map
#    Command line =  
#        "D:\USER\(D)\대학\RATS\소프트웨어\cubemx\test\FreeRTOSEX_5\Timer\EWARM\Timer\Obj\cmsis_os.o"
#        "D:\USER\(D)\대학\RATS\소프트웨어\cubemx\test\FreeRTOSEX_5\Timer\EWARM\Timer\Obj\croutine.o"
#        "D:\USER\(D)\대학\RATS\소프트웨어\cubemx\test\FreeRTOSEX_5\Timer\EWARM\Timer\Obj\event_groups.o"
#        "D:\USER\(D)\대학\RATS\소프트웨어\cubemx\test\FreeRTOSEX_5\Timer\EWARM\Timer\Obj\freertos.o"
#        "D:\USER\(D)\대학\RATS\소프트웨어\cubemx\test\FreeRTOSEX_5\Timer\EWARM\Timer\Obj\heap_4.o"
#        "D:\USER\(D)\대학\RATS\소프트웨어\cubemx\test\FreeRTOSEX_5\Timer\EWARM\Timer\Obj\list.o"
#        "D:\USER\(D)\대학\RATS\소프트웨어\cubemx\test\FreeRTOSEX_5\Timer\EWARM\Timer\Obj\main.o"
#        "D:\USER\(D)\대학\RATS\소프트웨어\cubemx\test\FreeRTOSEX_5\Timer\EWARM\Timer\Obj\port.o"
#        "D:\USER\(D)\대학\RATS\소프트웨어\cubemx\test\FreeRTOSEX_5\Timer\EWARM\Timer\Obj\portasm.o"
#        "D:\USER\(D)\대학\RATS\소프트웨어\cubemx\test\FreeRTOSEX_5\Timer\EWARM\Timer\Obj\queue.o"
#        "D:\USER\(D)\대학\RATS\소프트웨어\cubemx\test\FreeRTOSEX_5\Timer\EWARM\Timer\Obj\startup_stm32f407xx.o"
#        "D:\USER\(D)\대학\RATS\소프트웨어\cubemx\test\FreeRTOSEX_5\Timer\EWARM\Timer\Obj\stm32f4xx_hal.o"
#        "D:\USER\(D)\대학\RATS\소프트웨어\cubemx\test\FreeRTOSEX_5\Timer\EWARM\Timer\Obj\stm32f4xx_hal_cortex.o"
#        "D:\USER\(D)\대학\RATS\소프트웨어\cubemx\test\FreeRTOSEX_5\Timer\EWARM\Timer\Obj\stm32f4xx_hal_dma.o"
#        "D:\USER\(D)\대학\RATS\소프트웨어\cubemx\test\FreeRTOSEX_5\Timer\EWARM\Timer\Obj\stm32f4xx_hal_dma_ex.o"
#        "D:\USER\(D)\대학\RATS\소프트웨어\cubemx\test\FreeRTOSEX_5\Timer\EWARM\Timer\Obj\stm32f4xx_hal_flash.o"
#        "D:\USER\(D)\대학\RATS\소프트웨어\cubemx\test\FreeRTOSEX_5\Timer\EWARM\Timer\Obj\stm32f4xx_hal_flash_ex.o"
#        "D:\USER\(D)\대학\RATS\소프트웨어\cubemx\test\FreeRTOSEX_5\Timer\EWARM\Timer\Obj\stm32f4xx_hal_flash_ramfunc.o"
#        "D:\USER\(D)\대학\RATS\소프트웨어\cubemx\test\FreeRTOSEX_5\Timer\EWARM\Timer\Obj\stm32f4xx_hal_gpio.o"
#        "D:\USER\(D)\대학\RATS\소프트웨어\cubemx\test\FreeRTOSEX_5\Timer\EWARM\Timer\Obj\stm32f4xx_hal_msp.o"
#        "D:\USER\(D)\대학\RATS\소프트웨어\cubemx\test\FreeRTOSEX_5\Timer\EWARM\Timer\Obj\stm32f4xx_hal_pwr.o"
#        "D:\USER\(D)\대학\RATS\소프트웨어\cubemx\test\FreeRTOSEX_5\Timer\EWARM\Timer\Obj\stm32f4xx_hal_pwr_ex.o"
#        "D:\USER\(D)\대학\RATS\소프트웨어\cubemx\test\FreeRTOSEX_5\Timer\EWARM\Timer\Obj\stm32f4xx_hal_rcc.o"
#        "D:\USER\(D)\대학\RATS\소프트웨어\cubemx\test\FreeRTOSEX_5\Timer\EWARM\Timer\Obj\stm32f4xx_hal_rcc_ex.o"
#        "D:\USER\(D)\대학\RATS\소프트웨어\cubemx\test\FreeRTOSEX_5\Timer\EWARM\Timer\Obj\stm32f4xx_hal_tim.o"
#        "D:\USER\(D)\대학\RATS\소프트웨어\cubemx\test\FreeRTOSEX_5\Timer\EWARM\Timer\Obj\stm32f4xx_hal_tim_ex.o"
#        "D:\USER\(D)\대학\RATS\소프트웨어\cubemx\test\FreeRTOSEX_5\Timer\EWARM\Timer\Obj\stm32f4xx_it.o"
#        "D:\USER\(D)\대학\RATS\소프트웨어\cubemx\test\FreeRTOSEX_5\Timer\EWARM\Timer\Obj\system_stm32f4xx.o"
#        "D:\USER\(D)\대학\RATS\소프트웨어\cubemx\test\FreeRTOSEX_5\Timer\EWARM\Timer\Obj\tasks.o"
#        "D:\USER\(D)\대학\RATS\소프트웨어\cubemx\test\FreeRTOSEX_5\Timer\EWARM\Timer\Obj\timers.o"
#        --redirect _Printf=_PrintfFull --redirect _Scanf=_ScanfFull -o
#        "D:\USER\(D)\대학\RATS\소프트웨어\cubemx\test\FreeRTOSEX_5\Timer\EWARM\Timer\Exe\Timer.out"
#        --map
#        "D:\USER\(D)\대학\RATS\소프트웨어\cubemx\test\FreeRTOSEX_5\Timer\EWARM\Timer\List\Timer.map"
#        --config
#        "D:\USER\(D)\대학\RATS\소프트웨어\cubemx\test\FreeRTOSEX_5\Timer\EWARM/stm32f407xx_flash.icf"
#        --semihosting --entry __iar_program_start --vfe
#
###############################################################################

*******************************************************************************
*** RUNTIME MODEL ATTRIBUTES
***

CppFlavor       = *
__SystemLibrary = DLib


*******************************************************************************
*** PLACEMENT SUMMARY
***

"A1":  place at 0x08000000 { ro section .intvec };
"P1":  place in [from 0x08000000 to 0x080fffff] { ro };
"P2":  place in [from 0x20000000 to 0x2001ffff] { rw, block CSTACK, block HEAP };

  Section            Kind        Address    Size  Object
  -------            ----        -------    ----  ------
"A1":                                      0x188
  .intvec            ro code  0x08000000   0x188  startup_stm32f407xx.o [1]
                            - 0x08000188   0x188

"P1":                                     0x23d4
  .text              ro code  0x08000188   0x790  tasks.o [1]
  .text              ro code  0x08000918   0x1ac  heap_4.o [1]
  .text              ro code  0x08000ac4    0x8e  list.o [1]
  .text              ro code  0x08000b54   0x1ec  port.o [1]
  .text              ro code  0x08000d40   0x370  timers.o [1]
  CODE               ro code  0x080010b0    0xa8  portasm.o [1]
  .text              ro code  0x08001158   0x580  queue.o [1]
  .text              ro code  0x080016d8    0x76  ABImemcpy_unaligned.o [5]
  .text              ro code  0x08001750   0x40c  stm32f4xx_hal_rcc.o [1]
  .text              ro code  0x08001b5c    0x70  stm32f4xx_hal.o [1]
  .text              ro code  0x08001bcc    0xee  I64DivMod.o [5]
  .text              ro code  0x08001cbc    0xc0  stm32f4xx_hal_cortex.o [1]
  .text              ro code  0x08001d7c    0x60  stm32f4xx_hal_msp.o [1]
  .text              ro code  0x08001ddc     0x2  I64DivZer.o [5]
  .text              ro code  0x08001de0   0x1f4  stm32f4xx_hal_gpio.o [1]
  .text              ro code  0x08001fd4   0x184  main.o [1]
  .text              ro code  0x08002158    0xec  cmsis_os.o [1]
  .text              ro code  0x08002244    0x60  system_stm32f4xx.o [1]
  .text              ro code  0x080022a4    0x40  zero_init3.o [5]
  .text              ro code  0x080022e4    0x2c  copy_init3.o [5]
  .text              ro code  0x08002310    0x28  data_init.o [5]
  .text              ro code  0x08002338    0x22  fpinit_M.o [4]
  .iar.init_table    const    0x0800235c    0x24  - Linker created -
  .text              ro code  0x08002380    0x1a  stm32f4xx_it.o [1]
  .text              ro code  0x0800239c    0x1a  cmain.o [5]
  .text              ro code  0x080023b6     0x4  low_level_init.o [3]
  .text              ro code  0x080023ba     0x4  exit.o [3]
  .text              ro code  0x080023c0     0xa  cexit.o [5]
  .text              ro code  0x080023cc    0x14  exit.o [6]
  .text              ro code  0x080023e0    0x10  startup_stm32f407xx.o [1]
  Initializer bytes  const    0x080023f0    0x10  <for P2-1>
  .rodata            const    0x08002400     0xc  main.o [1]
  .text              ro code  0x0800240c     0xc  cstartup_M.o [5]
  .text              ro code  0x08002418     0x4  startup_stm32f407xx.o [1]
  .text              ro code  0x0800241c     0x4  startup_stm32f407xx.o [1]
  .text              ro code  0x08002420     0x4  startup_stm32f407xx.o [1]
  .text              ro code  0x08002424     0x4  startup_stm32f407xx.o [1]
  .text              ro code  0x08002428     0x4  startup_stm32f407xx.o [1]
  .text              ro code  0x0800242c     0x4  startup_stm32f407xx.o [1]
  .text              ro code  0x08002430     0x4  startup_stm32f407xx.o [1]
  .text              ro code  0x08002434     0x4  startup_stm32f407xx.o [1]
  .text              ro code  0x08002438     0x4  startup_stm32f407xx.o [1]
  .text              ro code  0x0800243c     0x4  startup_stm32f407xx.o [1]
  .text              ro code  0x08002440     0x4  startup_stm32f407xx.o [1]
  .text              ro code  0x08002444     0x4  startup_stm32f407xx.o [1]
  .text              ro code  0x08002448     0x4  startup_stm32f407xx.o [1]
  .text              ro code  0x0800244c     0x4  startup_stm32f407xx.o [1]
  .text              ro code  0x08002450     0x4  startup_stm32f407xx.o [1]
  .text              ro code  0x08002454     0x4  startup_stm32f407xx.o [1]
  .text              ro code  0x08002458     0x4  startup_stm32f407xx.o [1]
  .text              ro code  0x0800245c     0x4  startup_stm32f407xx.o [1]
  .text              ro code  0x08002460     0x4  startup_stm32f407xx.o [1]
  .text              ro code  0x08002464     0x4  startup_stm32f407xx.o [1]
  .text              ro code  0x08002468     0x4  startup_stm32f407xx.o [1]
  .text              ro code  0x0800246c     0x4  startup_stm32f407xx.o [1]
  .text              ro code  0x08002470     0x4  startup_stm32f407xx.o [1]
  .text              ro code  0x08002474     0x4  startup_stm32f407xx.o [1]
  .text              ro code  0x08002478     0x4  startup_stm32f407xx.o [1]
  .text              ro code  0x0800247c     0x4  startup_stm32f407xx.o [1]
  .text              ro code  0x08002480     0x4  startup_stm32f407xx.o [1]
  .text              ro code  0x08002484     0x4  startup_stm32f407xx.o [1]
  .text              ro code  0x08002488     0x4  startup_stm32f407xx.o [1]
  .text              ro code  0x0800248c     0x4  startup_stm32f407xx.o [1]
  .text              ro code  0x08002490     0x4  startup_stm32f407xx.o [1]
  .text              ro code  0x08002494     0x4  startup_stm32f407xx.o [1]
  .text              ro code  0x08002498     0x4  startup_stm32f407xx.o [1]
  .text              ro code  0x0800249c     0x4  startup_stm32f407xx.o [1]
  .text              ro code  0x080024a0     0x4  startup_stm32f407xx.o [1]
  .text              ro code  0x080024a4     0x4  startup_stm32f407xx.o [1]
  .text              ro code  0x080024a8     0x4  startup_stm32f407xx.o [1]
  .text              ro code  0x080024ac     0x4  startup_stm32f407xx.o [1]
  .text              ro code  0x080024b0     0x4  startup_stm32f407xx.o [1]
  .text              ro code  0x080024b4     0x4  startup_stm32f407xx.o [1]
  .text              ro code  0x080024b8     0x4  startup_stm32f407xx.o [1]
  .text              ro code  0x080024bc     0x4  startup_stm32f407xx.o [1]
  .text              ro code  0x080024c0     0x4  startup_stm32f407xx.o [1]
  .text              ro code  0x080024c4     0x4  startup_stm32f407xx.o [1]
  .text              ro code  0x080024c8     0x4  startup_stm32f407xx.o [1]
  .text              ro code  0x080024cc     0x4  startup_stm32f407xx.o [1]
  .text              ro code  0x080024d0     0x4  startup_stm32f407xx.o [1]
  .text              ro code  0x080024d4     0x4  startup_stm32f407xx.o [1]
  .text              ro code  0x080024d8     0x4  startup_stm32f407xx.o [1]
  .text              ro code  0x080024dc     0x4  startup_stm32f407xx.o [1]
  .text              ro code  0x080024e0     0x4  startup_stm32f407xx.o [1]
  .text              ro code  0x080024e4     0x4  startup_stm32f407xx.o [1]
  .text              ro code  0x080024e8     0x4  startup_stm32f407xx.o [1]
  .text              ro code  0x080024ec     0x4  startup_stm32f407xx.o [1]
  .text              ro code  0x080024f0     0x4  startup_stm32f407xx.o [1]
  .text              ro code  0x080024f4     0x4  startup_stm32f407xx.o [1]
  .text              ro code  0x080024f8     0x4  startup_stm32f407xx.o [1]
  .text              ro code  0x080024fc     0x4  startup_stm32f407xx.o [1]
  .text              ro code  0x08002500     0x4  startup_stm32f407xx.o [1]
  .text              ro code  0x08002504     0x4  startup_stm32f407xx.o [1]
  .text              ro code  0x08002508     0x4  startup_stm32f407xx.o [1]
  .text              ro code  0x0800250c     0x4  startup_stm32f407xx.o [1]
  .text              ro code  0x08002510     0x4  startup_stm32f407xx.o [1]
  .text              ro code  0x08002514     0x4  startup_stm32f407xx.o [1]
  .text              ro code  0x08002518     0x4  startup_stm32f407xx.o [1]
  .text              ro code  0x0800251c     0x4  startup_stm32f407xx.o [1]
  .text              ro code  0x08002520     0x4  startup_stm32f407xx.o [1]
  .text              ro code  0x08002524     0x4  startup_stm32f407xx.o [1]
  .text              ro code  0x08002528     0x4  startup_stm32f407xx.o [1]
  .text              ro code  0x0800252c     0x4  startup_stm32f407xx.o [1]
  .text              ro code  0x08002530     0x4  startup_stm32f407xx.o [1]
  .text              ro code  0x08002534     0x4  startup_stm32f407xx.o [1]
  .text              ro code  0x08002538     0x4  startup_stm32f407xx.o [1]
  .text              ro code  0x0800253c     0x4  startup_stm32f407xx.o [1]
  .text              ro code  0x08002540     0x4  startup_stm32f407xx.o [1]
  .text              ro code  0x08002544     0x4  startup_stm32f407xx.o [1]
  .text              ro code  0x08002548     0x4  startup_stm32f407xx.o [1]
  .text              ro code  0x0800254c     0x4  startup_stm32f407xx.o [1]
  .text              ro code  0x08002550     0x4  startup_stm32f407xx.o [1]
  .text              ro code  0x08002554     0x4  startup_stm32f407xx.o [1]
  .text              ro code  0x08002558     0x4  startup_stm32f407xx.o [1]
  .rodata            const    0x0800255c     0x0  zero_init3.o [5]
  .rodata            const    0x0800255c     0x0  copy_init3.o [5]
                            - 0x0800255c  0x23d4

"P2", part 1 of 3:                          0x10
  P2-1                        0x20000000    0x10  <Init block>
    .data            inited   0x20000000     0xc  port.o [1]
    .data            inited   0x2000000c     0x4  system_stm32f4xx.o [1]
                            - 0x20000010    0x10

"P2", part 2 of 3:                         0x400
  CSTACK                      0x20000010   0x400  <Block>
    CSTACK           uninit   0x20000010   0x400  <Block tail>
                            - 0x20000410   0x400

"P2", part 3 of 3:                        0x3dcc
  .bss               zero     0x20000410  0x3c18  heap_4.o [1]
  .bss               zero     0x20004028    0xa0  tasks.o [1]
  .bss               zero     0x200040c8    0x8c  tasks.o [1]
  .bss               zero     0x20004154    0x40  queue.o [1]
  .bss               zero     0x20004194    0x3c  timers.o [1]
  .bss               zero     0x200041d0     0x8  main.o [1]
  .bss               zero     0x200041d8     0x4  stm32f4xx_hal.o [1]
                            - 0x200041dc  0x3dcc


*******************************************************************************
*** INIT TABLE
***

          Address     Size
          -------     ----
Zero (__iar_zero_init3)
    1 destination range, total size 0x3dcc:
          0x20000410  0x3dcc

Copy (__iar_copy_init3)
    1 source range, total size 0x10:
          0x080023f0    0x10
    1 destination range, total size 0x10:
          0x20000000    0x10



*******************************************************************************
*** MODULE SUMMARY
***

    Module                  ro code  ro data  rw data
    ------                  -------  -------  -------
D:\USER\(D)\대학\RATS\소프트웨어\cubemx\test\FreeRTOSEX_5\Timer\EWARM\Timer\Obj: [1]
    cmsis_os.o                  236
    heap_4.o                    428            15 384
    list.o                      142
    main.o                      388       12        8
    port.o                      492       12       12
    portasm.o                   168
    queue.o                   1 408                64
    startup_stm32f407xx.o       732
    stm32f4xx_hal.o             112                 4
    stm32f4xx_hal_cortex.o      192
    stm32f4xx_hal_gpio.o        500
    stm32f4xx_hal_msp.o          96
    stm32f4xx_hal_rcc.o       1 036
    stm32f4xx_it.o               26
    system_stm32f4xx.o           96        4        4
    tasks.o                   1 936               300
    timers.o                    880                60
    -------------------------------------------------
    Total:                    8 868       28   15 836

command line: [2]
    -------------------------------------------------
    Total:

dl7M_tlf.a: [3]
    exit.o                        4
    low_level_init.o              4
    -------------------------------------------------
    Total:                        8

m7M_tls.a: [4]
    fpinit_M.o                   34
    -------------------------------------------------
    Total:                       34

rt7M_tl.a: [5]
    ABImemcpy_unaligned.o       118
    I64DivMod.o                 238
    I64DivZer.o                   2
    cexit.o                      10
    cmain.o                      26
    copy_init3.o                 44
    cstartup_M.o                 12
    data_init.o                  40
    zero_init3.o                 64
    -------------------------------------------------
    Total:                      554

shb_l.a: [6]
    exit.o                       20
    -------------------------------------------------
    Total:                       20

    Gaps                         14        2
    Linker created                        36    1 024
-----------------------------------------------------
    Grand Total:              9 498       66   16 860


*******************************************************************************
*** ENTRY LIST
***

Entry                      Address    Size  Type      Object
-----                      -------    ----  ----      ------
.iar.init_table$$Base   0x0800235c           --   Gb  - Linker created -
.iar.init_table$$Limit  0x08002380           --   Gb  - Linker created -
?main                   0x0800239d          Code  Gb  cmain.o [5]
AHBPrescTable           0x08002294    0x10  Data  Gb  system_stm32f4xx.o [1]
BusFault_Handler        0x08002387     0x2  Code  Gb  stm32f4xx_it.o [1]
CSTACK$$Base            0x20000010           --   Gb  - Linker created -
CSTACK$$Limit           0x20000410           --   Gb  - Linker created -
Callback01              0x08002123     0x8  Code  Gb  main.o [1]
DebugMon_Handler        0x0800238b     0x2  Code  Gb  stm32f4xx_it.o [1]
HAL_GPIO_Init           0x08001de1   0x1b6  Code  Gb  stm32f4xx_hal_gpio.o [1]
HAL_GPIO_TogglePin      0x08001f9f     0x8  Code  Gb  stm32f4xx_hal_gpio.o [1]
HAL_GPIO_WritePin       0x08001f97     0x8  Code  Gb  stm32f4xx_hal_gpio.o [1]
HAL_GetTick             0x08001bbb     0x6  Code  Wk  stm32f4xx_hal.o [1]
HAL_IncTick             0x08001bb1     0xa  Code  Wk  stm32f4xx_hal.o [1]
HAL_Init                0x08001b5d    0x30  Code  Gb  stm32f4xx_hal.o [1]
HAL_InitTick            0x08001b8d    0x24  Code  Wk  stm32f4xx_hal.o [1]
HAL_MspInit             0x08001d7d    0x60  Code  Gb  stm32f4xx_hal_msp.o [1]
HAL_NVIC_SetPriority    0x08001cf1    0x3a  Code  Gb  stm32f4xx_hal_cortex.o [1]
HAL_NVIC_SetPriorityGrouping
                        0x08001cd7    0x1a  Code  Gb  stm32f4xx_hal_cortex.o [1]
HAL_RCC_ClockConfig     0x080019dd    0xfa  Code  Gb  stm32f4xx_hal_rcc.o [1]
HAL_RCC_GetHCLKFreq     0x08001b2f     0x6  Code  Gb  stm32f4xx_hal_rcc.o [1]
HAL_RCC_GetSysClockFreq
                        0x08001ae3    0x4c  Code  Wk  stm32f4xx_hal_rcc.o [1]
HAL_RCC_OscConfig       0x08001751   0x284  Code  Wk  stm32f4xx_hal_rcc.o [1]
HAL_SYSTICK_CLKSourceConfig
                        0x08001d53    0x14  Code  Gb  stm32f4xx_hal_cortex.o [1]
HAL_SYSTICK_Config      0x08001d2b    0x28  Code  Gb  stm32f4xx_hal_cortex.o [1]
HardFault_Handler       0x08002383     0x2  Code  Gb  stm32f4xx_it.o [1]
MemManage_Handler       0x08002385     0x2  Code  Gb  stm32f4xx_it.o [1]
NMI_Handler             0x08002381     0x2  Code  Gb  stm32f4xx_it.o [1]
NVIC_SetPriority        0x08001cbd    0x1a  Code  Lc  stm32f4xx_hal_cortex.o [1]
PendSV_Handler          0x080010b1          Code  Gb  portasm.o [1]
Region$$Table$$Base     0x0800235c           --   Gb  - Linker created -
Region$$Table$$Limit    0x08002380           --   Gb  - Linker created -
SVC_Handler             0x08001109          Code  Gb  portasm.o [1]
StartDefaultTask        0x0800210f    0x14  Code  Gb  main.o [1]
SysTick_Handler         0x0800238d     0xe  Code  Gb  stm32f4xx_it.o [1]
SystemClock_Config      0x08002063    0xac  Code  Gb  main.o [1]
SystemCoreClock         0x2000000c     0x4  Data  Gb  system_stm32f4xx.o [1]
SystemInit              0x08002245    0x3a  Code  Gb  system_stm32f4xx.o [1]
UsageFault_Handler      0x08002389     0x2  Code  Gb  stm32f4xx_it.o [1]
__aeabi_ldiv0           0x08001ddd          Code  Gb  I64DivZer.o [5]
__aeabi_uldivmod        0x08001bcd          Code  Gb  I64DivMod.o [5]
__cmain                 0x0800239d          Code  Gb  cmain.o [5]
__exit                  0x080023cd    0x14  Code  Gb  exit.o [6]
__iar_copy_init3        0x080022e5    0x2c  Code  Gb  copy_init3.o [5]
__iar_data_init3        0x08002311    0x28  Code  Gb  data_init.o [5]
__iar_init_vfp          0x08002339          Code  Gb  fpinit_M.o [4]
__iar_program_start     0x0800240d          Code  Gb  cstartup_M.o [5]
__iar_unaligned___aeabi_memcpy
                        0x080016d9          Code  Gb  ABImemcpy_unaligned.o [5]
__iar_unaligned___aeabi_memcpy4
                        0x080016f9          Code  Gb  ABImemcpy_unaligned.o [5]
__iar_unaligned___aeabi_memcpy8
                        0x080016f9          Code  Gb  ABImemcpy_unaligned.o [5]
__iar_zero_init3        0x080022a5    0x40  Code  Gb  zero_init3.o [5]
__low_level_init        0x080023b7     0x4  Code  Gb  low_level_init.o [3]
__vector_table          0x08000000          Data  Gb  startup_stm32f407xx.o [1]
_call_main              0x080023a9          Code  Gb  cmain.o [5]
_exit                   0x080023c1          Code  Gb  cexit.o [5]
_main                   0x080023b3          Code  Gb  cmain.o [5]
defaultTaskHandle       0x200041d0     0x4  Data  Gb  main.o [1]
exit                    0x080023bb     0x4  Code  Gb  exit.o [3]
inHandlerMode           0x08002165     0xc  Code  Lc  cmsis_os.o [1]
main                    0x08001fd5    0x8e  Code  Gb  main.o [1]
makeFreeRtosPriority    0x08002159     0xc  Code  Lc  cmsis_os.o [1]
myTimer01Handle         0x200041d4     0x4  Data  Gb  main.o [1]
osDelay                 0x080021a7     0xe  Code  Gb  cmsis_os.o [1]
osKernelStart           0x08002171     0xa  Code  Gb  cmsis_os.o [1]
osSystickHandler        0x08002231    0x14  Code  Gb  cmsis_os.o [1]
osThreadCreate          0x0800217b    0x2c  Code  Gb  cmsis_os.o [1]
osTimerCreate           0x080021b5    0x1a  Code  Gb  cmsis_os.o [1]
osTimerStart            0x080021cf    0x48  Code  Gb  cmsis_os.o [1]
prvAddCurrentTaskToDelayedList
                        0x0800089d    0x68  Code  Lc  tasks.o [1]
prvAddNewTaskToReadyList
                        0x08000259    0xa6  Code  Lc  tasks.o [1]
prvCheckForValidListAndQueue
                        0x08001051    0x46  Code  Lc  timers.o [1]
prvCopyDataFromQueue    0x080015c5    0x26  Code  Lc  queue.o [1]
prvCopyDataToQueue      0x0800155d    0x68  Code  Lc  queue.o [1]
prvDeleteTCB            0x08000705    0x14  Code  Lc  tasks.o [1]
prvIdleTask             0x0800069d    0x54  Code  Lc  tasks.o [1]
prvInitialiseNewQueue   0x08001213    0x16  Code  Lc  queue.o [1]
prvInitialiseNewTask    0x080001e1    0x78  Code  Lc  tasks.o [1]
prvInitialiseNewTimer   0x08000da3    0x38  Code  Lc  timers.o [1]
prvInsertBlockIntoFreeList
                        0x08000a77    0x46  Code  Lc  heap_4.o [1]
prvInsertTimerInActiveList
                        0x08000f73    0x34  Code  Lc  timers.o [1]
prvIsQueueEmpty         0x08001651    0x16  Code  Lc  queue.o [1]
prvProcessReceivedCommands
                        0x08000fa9    0xa8  Code  Lc  timers.o [1]
prvProcessTimerOrBlockTask
                        0x08000e4f    0x9a  Code  Lc  timers.o [1]
prvResetNextTaskUnblockTime
                        0x08000719    0x1c  Code  Lc  tasks.o [1]
prvSampleTimeNow        0x08000ee9    0x7a  Code  Lc  timers.o [1]
prvTaskExitError        0x08000b7d    0x28  Code  Lc  port.o [1]
prvTimerTask            0x08000e2d    0x22  Code  Lc  timers.o [1]
prvUnlockQueue          0x080015eb    0x66  Code  Lc  queue.o [1]
pvPortMalloc            0x08000919    0xfa  Code  Gb  heap_4.o [1]
pvTaskIncrementMutexHeldCount
                        0x08000857    0x14  Code  Gb  tasks.o [1]
pxCurrentTCB            0x20004050     0x4  Data  Gb  tasks.o [1]
pxCurrentTimerList      0x20004194     0x4  Data  Lc  timers.o [1]
pxDelayedTaskList       0x20004054     0x4  Data  Lc  tasks.o [1]
pxEnd                   0x20000418     0x4  Data  Lc  heap_4.o [1]
pxOverflowDelayedTaskList
                        0x20004058     0x4  Data  Lc  tasks.o [1]
pxOverflowTimerList     0x20004198     0x4  Data  Lc  timers.o [1]
pxPortInitialiseStack   0x08000b55    0x26  Code  Gb  port.o [1]
pxReadyTasksLists       0x200040c8    0x8c  Data  Lc  tasks.o [1]
ucHeap                  0x20000428  0x3c00  Data  Lc  heap_4.o [1]
ucMaxSysCallPriority    0x20000000     0x1  Data  Lc  port.o [1]
ulMaxPRIGROUPValue      0x20000008     0x4  Data  Lc  port.o [1]
uwTick                  0x200041d8     0x4  Data  Gb  stm32f4xx_hal.o [1]
uxCriticalNesting       0x20000004     0x4  Data  Lc  port.o [1]
uxCurrentNumberOfTasks  0x20004074     0x4  Data  Lc  tasks.o [1]
uxDeletedTasksWaitingCleanUp
                        0x2000405c     0x4  Data  Lc  tasks.o [1]
uxListRemove            0x08000b2f    0x24  Code  Gb  list.o [1]
uxPendedTicks           0x20004084     0x4  Data  Lc  tasks.o [1]
uxSchedulerSuspended    0x20004098     0x4  Data  Lc  tasks.o [1]
uxTaskNumber            0x20004090     0x4  Data  Lc  tasks.o [1]
uxTopReadyPriority      0x2000407c     0x4  Data  Lc  tasks.o [1]
vListInitialise         0x08000ac5    0x1a  Code  Gb  list.o [1]
vListInitialiseItem     0x08000adf     0x6  Code  Gb  list.o [1]
vListInsert             0x08000afd    0x32  Code  Gb  list.o [1]
vListInsertEnd          0x08000ae5    0x18  Code  Gb  list.o [1]
vPortEnableVFP          0x0800113d          Code  Gb  portasm.o [1]
vPortEnterCritical      0x08000c3d    0x32  Code  Gb  port.o [1]
vPortExitCritical       0x08000c6f    0x24  Code  Gb  port.o [1]
vPortFree               0x08000a25    0x44  Code  Gb  heap_4.o [1]
vPortSetupTimerInterrupt
                        0x08000cb9    0x18  Code  Wk  port.o [1]
vPortStartFirstTask     0x08001125          Code  Gb  portasm.o [1]
vPortValidateInterruptPriority
                        0x08000cd1    0x42  Code  Gb  port.o [1]
vQueueAddToRegistry     0x08001667    0x20  Code  Gb  queue.o [1]
vQueueWaitForMessageRestricted
                        0x08001691    0x48  Code  Gb  queue.o [1]
vTaskDelay              0x080002ff    0x28  Code  Gb  tasks.o [1]
vTaskMissedYield        0x08000693     0xa  Code  Gb  tasks.o [1]
vTaskPlaceOnEventList   0x08000563    0x14  Code  Gb  tasks.o [1]
vTaskPlaceOnEventListRestricted
                        0x0800057b    0x1e  Code  Gb  tasks.o [1]
vTaskPriorityInherit    0x0800074d    0x6e  Code  Gb  tasks.o [1]
vTaskSetTimeOutState    0x0800061b    0x20  Code  Gb  tasks.o [1]
vTaskStartScheduler     0x08000331    0x5e  Code  Gb  tasks.o [1]
vTaskSuspendAll         0x0800038f     0xc  Code  Gb  tasks.o [1]
vTaskSwitchContext      0x08000511    0x52  Code  Gb  tasks.o [1]
xActiveTimerList1       0x200041a8    0x14  Data  Lc  timers.o [1]
xActiveTimerList2       0x200041bc    0x14  Data  Lc  timers.o [1]
xBlockAllocatedBit      0x20000424     0x4  Data  Lc  heap_4.o [1]
xDelayedTaskList1       0x2000409c    0x14  Data  Lc  tasks.o [1]
xDelayedTaskList2       0x200040b0    0x14  Data  Lc  tasks.o [1]
xFreeBytesRemaining     0x2000041c     0x4  Data  Lc  heap_4.o [1]
xIdleTaskHandle         0x200040c4     0x4  Data  Lc  tasks.o [1]
xMinimumEverFreeBytesRemaining
                        0x20000420     0x4  Data  Lc  heap_4.o [1]
xNextTaskUnblockTime    0x20004094     0x4  Data  Lc  tasks.o [1]
xNumOfOverflows         0x2000408c     0x4  Data  Lc  tasks.o [1]
xPendingReadyList       0x20004028    0x14  Data  Lc  tasks.o [1]
xPortStartScheduler     0x08000ba5    0x84  Code  Gb  port.o [1]
xPortSysTickHandler     0x08000c93    0x26  Code  Gb  port.o [1]
xQueueGenericCreate     0x080011d7    0x3c  Code  Gb  queue.o [1]
xQueueGenericReceive    0x080013f1   0x14e  Code  Gb  queue.o [1]
xQueueGenericReset      0x08001159    0x7e  Code  Gb  queue.o [1]
xQueueGenericSend       0x08001229   0x132  Code  Gb  queue.o [1]
xQueueGenericSendFromISR
                        0x0800135b    0x96  Code  Gb  queue.o [1]
xQueueRegistry          0x20004154    0x40  Data  Gb  queue.o [1]
xSchedulerRunning       0x20004080     0x4  Data  Lc  tasks.o [1]
xStart                  0x20000410     0x8  Data  Lc  heap_4.o [1]
xSuspendedTaskList      0x20004060    0x14  Data  Lc  tasks.o [1]
xTaskCheckForTimeOut    0x0800063b    0x50  Code  Gb  tasks.o [1]
xTaskCreate             0x08000189    0x58  Code  Gb  tasks.o [1]
xTaskGetSchedulerState  0x08000735    0x18  Code  Gb  tasks.o [1]
xTaskGetTickCount       0x08000441     0x8  Code  Gb  tasks.o [1]
xTaskIncrementTick      0x08000449    0xb4  Code  Gb  tasks.o [1]
xTaskPriorityDisinherit
                        0x080007bb    0x7a  Code  Gb  tasks.o [1]
xTaskRemoveFromEventList
                        0x080005b5    0x52  Code  Gb  tasks.o [1]
xTaskResumeAll          0x0800039b    0x92  Code  Gb  tasks.o [1]
xTasksWaitingTermination
                        0x2000403c    0x14  Data  Lc  tasks.o [1]
xTickCount              0x20004078     0x4  Data  Lc  tasks.o [1]
xTimerCreate            0x08000d75    0x2e  Code  Gb  timers.o [1]
xTimerCreateTimerTask   0x08000d41    0x34  Code  Gb  timers.o [1]
xTimerGenericCommand    0x08000ddb    0x50  Code  Gb  timers.o [1]
xTimerQueue             0x2000419c     0x4  Data  Lc  timers.o [1]
xTimerTaskHandle        0x200041a0     0x4  Data  Lc  timers.o [1]
xYieldPending           0x20004088     0x4  Data  Lc  tasks.o [1]


[1] = D:\USER\(D)\대학\RATS\소프트웨어\cubemx\test\FreeRTOSEX_5\Timer\EWARM\Timer\Obj
[2] = command line
[3] = dl7M_tlf.a
[4] = m7M_tls.a
[5] = rt7M_tl.a
[6] = shb_l.a

   9 498 bytes of readonly  code memory
      66 bytes of readonly  data memory
  16 860 bytes of readwrite data memory

Errors: none
Warnings: none
