###############################################################################
#
# IAR ELF Linker V7.50.2.10312/W32 for ARM                19/Feb/2020  02:01:23
# Copyright 2007-2015 IAR Systems AB.
#
#    Output file  =  
#        D:\USER\(D)\대학\RATS\소프트웨어\cubemx\test\FreeRTOSEX_1\FreeRTOSEX_1\EWARM\FreeRTOSEX_1\Exe\FreeRTOSEX_1.out
#    Map file     =  
#        D:\USER\(D)\대학\RATS\소프트웨어\cubemx\test\FreeRTOSEX_1\FreeRTOSEX_1\EWARM\FreeRTOSEX_1\List\FreeRTOSEX_1.map
#    Command line =  
#        "D:\USER\(D)\대학\RATS\소프트웨어\cubemx\test\FreeRTOSEX_1\FreeRTOSEX_1\EWARM\FreeRTOSEX_1\Obj\cmsis_os.o"
#        "D:\USER\(D)\대학\RATS\소프트웨어\cubemx\test\FreeRTOSEX_1\FreeRTOSEX_1\EWARM\FreeRTOSEX_1\Obj\croutine.o"
#        "D:\USER\(D)\대학\RATS\소프트웨어\cubemx\test\FreeRTOSEX_1\FreeRTOSEX_1\EWARM\FreeRTOSEX_1\Obj\event_groups.o"
#        "D:\USER\(D)\대학\RATS\소프트웨어\cubemx\test\FreeRTOSEX_1\FreeRTOSEX_1\EWARM\FreeRTOSEX_1\Obj\freertos.o"
#        "D:\USER\(D)\대학\RATS\소프트웨어\cubemx\test\FreeRTOSEX_1\FreeRTOSEX_1\EWARM\FreeRTOSEX_1\Obj\heap_4.o"
#        "D:\USER\(D)\대학\RATS\소프트웨어\cubemx\test\FreeRTOSEX_1\FreeRTOSEX_1\EWARM\FreeRTOSEX_1\Obj\list.o"
#        "D:\USER\(D)\대학\RATS\소프트웨어\cubemx\test\FreeRTOSEX_1\FreeRTOSEX_1\EWARM\FreeRTOSEX_1\Obj\main.o"
#        "D:\USER\(D)\대학\RATS\소프트웨어\cubemx\test\FreeRTOSEX_1\FreeRTOSEX_1\EWARM\FreeRTOSEX_1\Obj\port.o"
#        "D:\USER\(D)\대학\RATS\소프트웨어\cubemx\test\FreeRTOSEX_1\FreeRTOSEX_1\EWARM\FreeRTOSEX_1\Obj\portasm.o"
#        "D:\USER\(D)\대학\RATS\소프트웨어\cubemx\test\FreeRTOSEX_1\FreeRTOSEX_1\EWARM\FreeRTOSEX_1\Obj\queue.o"
#        "D:\USER\(D)\대학\RATS\소프트웨어\cubemx\test\FreeRTOSEX_1\FreeRTOSEX_1\EWARM\FreeRTOSEX_1\Obj\startup_stm32f407xx.o"
#        "D:\USER\(D)\대학\RATS\소프트웨어\cubemx\test\FreeRTOSEX_1\FreeRTOSEX_1\EWARM\FreeRTOSEX_1\Obj\stm32f4xx_hal.o"
#        "D:\USER\(D)\대학\RATS\소프트웨어\cubemx\test\FreeRTOSEX_1\FreeRTOSEX_1\EWARM\FreeRTOSEX_1\Obj\stm32f4xx_hal_cortex.o"
#        "D:\USER\(D)\대학\RATS\소프트웨어\cubemx\test\FreeRTOSEX_1\FreeRTOSEX_1\EWARM\FreeRTOSEX_1\Obj\stm32f4xx_hal_dma.o"
#        "D:\USER\(D)\대학\RATS\소프트웨어\cubemx\test\FreeRTOSEX_1\FreeRTOSEX_1\EWARM\FreeRTOSEX_1\Obj\stm32f4xx_hal_dma_ex.o"
#        "D:\USER\(D)\대학\RATS\소프트웨어\cubemx\test\FreeRTOSEX_1\FreeRTOSEX_1\EWARM\FreeRTOSEX_1\Obj\stm32f4xx_hal_flash.o"
#        "D:\USER\(D)\대학\RATS\소프트웨어\cubemx\test\FreeRTOSEX_1\FreeRTOSEX_1\EWARM\FreeRTOSEX_1\Obj\stm32f4xx_hal_flash_ex.o"
#        "D:\USER\(D)\대학\RATS\소프트웨어\cubemx\test\FreeRTOSEX_1\FreeRTOSEX_1\EWARM\FreeRTOSEX_1\Obj\stm32f4xx_hal_flash_ramfunc.o"
#        "D:\USER\(D)\대학\RATS\소프트웨어\cubemx\test\FreeRTOSEX_1\FreeRTOSEX_1\EWARM\FreeRTOSEX_1\Obj\stm32f4xx_hal_gpio.o"
#        "D:\USER\(D)\대학\RATS\소프트웨어\cubemx\test\FreeRTOSEX_1\FreeRTOSEX_1\EWARM\FreeRTOSEX_1\Obj\stm32f4xx_hal_msp.o"
#        "D:\USER\(D)\대학\RATS\소프트웨어\cubemx\test\FreeRTOSEX_1\FreeRTOSEX_1\EWARM\FreeRTOSEX_1\Obj\stm32f4xx_hal_pwr.o"
#        "D:\USER\(D)\대학\RATS\소프트웨어\cubemx\test\FreeRTOSEX_1\FreeRTOSEX_1\EWARM\FreeRTOSEX_1\Obj\stm32f4xx_hal_pwr_ex.o"
#        "D:\USER\(D)\대학\RATS\소프트웨어\cubemx\test\FreeRTOSEX_1\FreeRTOSEX_1\EWARM\FreeRTOSEX_1\Obj\stm32f4xx_hal_rcc.o"
#        "D:\USER\(D)\대학\RATS\소프트웨어\cubemx\test\FreeRTOSEX_1\FreeRTOSEX_1\EWARM\FreeRTOSEX_1\Obj\stm32f4xx_hal_rcc_ex.o"
#        "D:\USER\(D)\대학\RATS\소프트웨어\cubemx\test\FreeRTOSEX_1\FreeRTOSEX_1\EWARM\FreeRTOSEX_1\Obj\stm32f4xx_hal_tim.o"
#        "D:\USER\(D)\대학\RATS\소프트웨어\cubemx\test\FreeRTOSEX_1\FreeRTOSEX_1\EWARM\FreeRTOSEX_1\Obj\stm32f4xx_hal_tim_ex.o"
#        "D:\USER\(D)\대학\RATS\소프트웨어\cubemx\test\FreeRTOSEX_1\FreeRTOSEX_1\EWARM\FreeRTOSEX_1\Obj\stm32f4xx_it.o"
#        "D:\USER\(D)\대학\RATS\소프트웨어\cubemx\test\FreeRTOSEX_1\FreeRTOSEX_1\EWARM\FreeRTOSEX_1\Obj\system_stm32f4xx.o"
#        "D:\USER\(D)\대학\RATS\소프트웨어\cubemx\test\FreeRTOSEX_1\FreeRTOSEX_1\EWARM\FreeRTOSEX_1\Obj\tasks.o"
#        "D:\USER\(D)\대학\RATS\소프트웨어\cubemx\test\FreeRTOSEX_1\FreeRTOSEX_1\EWARM\FreeRTOSEX_1\Obj\timers.o"
#        --redirect _Printf=_PrintfFull --redirect _Scanf=_ScanfFull -o
#        "D:\USER\(D)\대학\RATS\소프트웨어\cubemx\test\FreeRTOSEX_1\FreeRTOSEX_1\EWARM\FreeRTOSEX_1\Exe\FreeRTOSEX_1.out"
#        --map
#        "D:\USER\(D)\대학\RATS\소프트웨어\cubemx\test\FreeRTOSEX_1\FreeRTOSEX_1\EWARM\FreeRTOSEX_1\List\FreeRTOSEX_1.map"
#        --config
#        "D:\USER\(D)\대학\RATS\소프트웨어\cubemx\test\FreeRTOSEX_1\FreeRTOSEX_1\EWARM/stm32f407xx_flash.icf"
#        --semihosting --entry __iar_program_start --vfe
#
###############################################################################

*******************************************************************************
*** RUNTIME MODEL ATTRIBUTES
***

CppFlavor       = *
__SystemLibrary = DLib


*******************************************************************************
*** PLACEMENT SUMMARY
***

"A1":  place at 0x08000000 { ro section .intvec };
"P1":  place in [from 0x08000000 to 0x080fffff] { ro };
"P2":  place in [from 0x20000000 to 0x2001ffff] { rw, block CSTACK, block HEAP };

  Section            Kind        Address    Size  Object
  -------            ----        -------    ----  ------
"A1":                                      0x188
  .intvec            ro code  0x08000000   0x188  startup_stm32f407xx.o [1]
                            - 0x08000188   0x188

"P1":                                     0x1ae0
  .text              ro code  0x08000188   0x6fc  tasks.o [1]
  .text              ro code  0x08000884   0x1ac  heap_4.o [1]
  .text              ro code  0x08000a30    0x8e  list.o [1]
  .text              ro code  0x08000ac0   0x1ec  port.o [1]
  CODE               ro code  0x08000cac    0xa8  portasm.o [1]
  .text              ro code  0x08000d54   0x40c  stm32f4xx_hal_rcc.o [1]
  .text              ro code  0x08001160    0x70  stm32f4xx_hal.o [1]
  .text              ro code  0x080011d0    0xee  I64DivMod.o [5]
  .text              ro code  0x080012c0    0xc0  stm32f4xx_hal_cortex.o [1]
  .text              ro code  0x08001380    0x60  stm32f4xx_hal_msp.o [1]
  .text              ro code  0x080013e0     0x2  I64DivZer.o [5]
  .text              ro code  0x080013e4   0x254  main.o [1]
  .text              ro code  0x08001638   0x1f4  stm32f4xx_hal_gpio.o [1]
  .text              ro code  0x0800182c    0x56  ABImemcpy_unaligned.o [5]
  .text              ro code  0x08001884    0xbc  cmsis_os.o [1]
  .text              ro code  0x08001940    0x60  system_stm32f4xx.o [1]
  .text              ro code  0x080019a0    0x40  zero_init3.o [5]
  .text              ro code  0x080019e0    0x2c  copy_init3.o [5]
  .text              ro code  0x08001a0c    0x28  data_init.o [5]
  .text              ro code  0x08001a34    0x22  fpinit_M.o [4]
  .iar.init_table    const    0x08001a58    0x24  - Linker created -
  .rodata            const    0x08001a7c    0x1c  main.o [1]
  .text              ro code  0x08001a98    0x1a  stm32f4xx_it.o [1]
  .text              ro code  0x08001ab4    0x1a  cmain.o [5]
  .text              ro code  0x08001ace     0x4  low_level_init.o [3]
  .text              ro code  0x08001ad2     0x4  exit.o [3]
  .text              ro code  0x08001ad8     0xa  cexit.o [5]
  .text              ro code  0x08001ae4    0x14  exit.o [6]
  .text              ro code  0x08001af8    0x10  startup_stm32f407xx.o [1]
  Initializer bytes  const    0x08001b08    0x10  <for P2-1>
  .text              ro code  0x08001b18     0xc  cstartup_M.o [5]
  .text              ro code  0x08001b24     0x4  startup_stm32f407xx.o [1]
  .text              ro code  0x08001b28     0x4  startup_stm32f407xx.o [1]
  .text              ro code  0x08001b2c     0x4  startup_stm32f407xx.o [1]
  .text              ro code  0x08001b30     0x4  startup_stm32f407xx.o [1]
  .text              ro code  0x08001b34     0x4  startup_stm32f407xx.o [1]
  .text              ro code  0x08001b38     0x4  startup_stm32f407xx.o [1]
  .text              ro code  0x08001b3c     0x4  startup_stm32f407xx.o [1]
  .text              ro code  0x08001b40     0x4  startup_stm32f407xx.o [1]
  .text              ro code  0x08001b44     0x4  startup_stm32f407xx.o [1]
  .text              ro code  0x08001b48     0x4  startup_stm32f407xx.o [1]
  .text              ro code  0x08001b4c     0x4  startup_stm32f407xx.o [1]
  .text              ro code  0x08001b50     0x4  startup_stm32f407xx.o [1]
  .text              ro code  0x08001b54     0x4  startup_stm32f407xx.o [1]
  .text              ro code  0x08001b58     0x4  startup_stm32f407xx.o [1]
  .text              ro code  0x08001b5c     0x4  startup_stm32f407xx.o [1]
  .text              ro code  0x08001b60     0x4  startup_stm32f407xx.o [1]
  .text              ro code  0x08001b64     0x4  startup_stm32f407xx.o [1]
  .text              ro code  0x08001b68     0x4  startup_stm32f407xx.o [1]
  .text              ro code  0x08001b6c     0x4  startup_stm32f407xx.o [1]
  .text              ro code  0x08001b70     0x4  startup_stm32f407xx.o [1]
  .text              ro code  0x08001b74     0x4  startup_stm32f407xx.o [1]
  .text              ro code  0x08001b78     0x4  startup_stm32f407xx.o [1]
  .text              ro code  0x08001b7c     0x4  startup_stm32f407xx.o [1]
  .text              ro code  0x08001b80     0x4  startup_stm32f407xx.o [1]
  .text              ro code  0x08001b84     0x4  startup_stm32f407xx.o [1]
  .text              ro code  0x08001b88     0x4  startup_stm32f407xx.o [1]
  .text              ro code  0x08001b8c     0x4  startup_stm32f407xx.o [1]
  .text              ro code  0x08001b90     0x4  startup_stm32f407xx.o [1]
  .text              ro code  0x08001b94     0x4  startup_stm32f407xx.o [1]
  .text              ro code  0x08001b98     0x4  startup_stm32f407xx.o [1]
  .text              ro code  0x08001b9c     0x4  startup_stm32f407xx.o [1]
  .text              ro code  0x08001ba0     0x4  startup_stm32f407xx.o [1]
  .text              ro code  0x08001ba4     0x4  startup_stm32f407xx.o [1]
  .text              ro code  0x08001ba8     0x4  startup_stm32f407xx.o [1]
  .text              ro code  0x08001bac     0x4  startup_stm32f407xx.o [1]
  .text              ro code  0x08001bb0     0x4  startup_stm32f407xx.o [1]
  .text              ro code  0x08001bb4     0x4  startup_stm32f407xx.o [1]
  .text              ro code  0x08001bb8     0x4  startup_stm32f407xx.o [1]
  .text              ro code  0x08001bbc     0x4  startup_stm32f407xx.o [1]
  .text              ro code  0x08001bc0     0x4  startup_stm32f407xx.o [1]
  .text              ro code  0x08001bc4     0x4  startup_stm32f407xx.o [1]
  .text              ro code  0x08001bc8     0x4  startup_stm32f407xx.o [1]
  .text              ro code  0x08001bcc     0x4  startup_stm32f407xx.o [1]
  .text              ro code  0x08001bd0     0x4  startup_stm32f407xx.o [1]
  .text              ro code  0x08001bd4     0x4  startup_stm32f407xx.o [1]
  .text              ro code  0x08001bd8     0x4  startup_stm32f407xx.o [1]
  .text              ro code  0x08001bdc     0x4  startup_stm32f407xx.o [1]
  .text              ro code  0x08001be0     0x4  startup_stm32f407xx.o [1]
  .text              ro code  0x08001be4     0x4  startup_stm32f407xx.o [1]
  .text              ro code  0x08001be8     0x4  startup_stm32f407xx.o [1]
  .text              ro code  0x08001bec     0x4  startup_stm32f407xx.o [1]
  .text              ro code  0x08001bf0     0x4  startup_stm32f407xx.o [1]
  .text              ro code  0x08001bf4     0x4  startup_stm32f407xx.o [1]
  .text              ro code  0x08001bf8     0x4  startup_stm32f407xx.o [1]
  .text              ro code  0x08001bfc     0x4  startup_stm32f407xx.o [1]
  .text              ro code  0x08001c00     0x4  startup_stm32f407xx.o [1]
  .text              ro code  0x08001c04     0x4  startup_stm32f407xx.o [1]
  .text              ro code  0x08001c08     0x4  startup_stm32f407xx.o [1]
  .text              ro code  0x08001c0c     0x4  startup_stm32f407xx.o [1]
  .text              ro code  0x08001c10     0x4  startup_stm32f407xx.o [1]
  .text              ro code  0x08001c14     0x4  startup_stm32f407xx.o [1]
  .text              ro code  0x08001c18     0x4  startup_stm32f407xx.o [1]
  .text              ro code  0x08001c1c     0x4  startup_stm32f407xx.o [1]
  .text              ro code  0x08001c20     0x4  startup_stm32f407xx.o [1]
  .text              ro code  0x08001c24     0x4  startup_stm32f407xx.o [1]
  .text              ro code  0x08001c28     0x4  startup_stm32f407xx.o [1]
  .text              ro code  0x08001c2c     0x4  startup_stm32f407xx.o [1]
  .text              ro code  0x08001c30     0x4  startup_stm32f407xx.o [1]
  .text              ro code  0x08001c34     0x4  startup_stm32f407xx.o [1]
  .text              ro code  0x08001c38     0x4  startup_stm32f407xx.o [1]
  .text              ro code  0x08001c3c     0x4  startup_stm32f407xx.o [1]
  .text              ro code  0x08001c40     0x4  startup_stm32f407xx.o [1]
  .text              ro code  0x08001c44     0x4  startup_stm32f407xx.o [1]
  .text              ro code  0x08001c48     0x4  startup_stm32f407xx.o [1]
  .text              ro code  0x08001c4c     0x4  startup_stm32f407xx.o [1]
  .text              ro code  0x08001c50     0x4  startup_stm32f407xx.o [1]
  .text              ro code  0x08001c54     0x4  startup_stm32f407xx.o [1]
  .text              ro code  0x08001c58     0x4  startup_stm32f407xx.o [1]
  .text              ro code  0x08001c5c     0x4  startup_stm32f407xx.o [1]
  .text              ro code  0x08001c60     0x4  startup_stm32f407xx.o [1]
  .text              ro code  0x08001c64     0x4  startup_stm32f407xx.o [1]
  .rodata            const    0x08001c68     0x0  zero_init3.o [5]
  .rodata            const    0x08001c68     0x0  copy_init3.o [5]
                            - 0x08001c68  0x1ae0

"P2", part 1 of 3:                          0x10
  P2-1                        0x20000000    0x10  <Init block>
    .data            inited   0x20000000     0xc  port.o [1]
    .data            inited   0x2000000c     0x4  system_stm32f4xx.o [1]
                            - 0x20000010    0x10

"P2", part 2 of 3:                         0x400
  CSTACK                      0x20000010   0x400  <Block>
    CSTACK           uninit   0x20000010   0x400  <Block tail>
                            - 0x20000410   0x400

"P2", part 3 of 3:                        0x3d68
  .bss               zero     0x20000410  0x3c18  heap_4.o [1]
  .bss               zero     0x20004028    0xa0  tasks.o [1]
  .bss               zero     0x200040c8    0x8c  tasks.o [1]
  .bss               zero     0x20004154    0x20  main.o [1]
  .bss               zero     0x20004174     0x4  stm32f4xx_hal.o [1]
                            - 0x20004178  0x3d68


*******************************************************************************
*** INIT TABLE
***

          Address     Size
          -------     ----
Zero (__iar_zero_init3)
    1 destination range, total size 0x3d68:
          0x20000410  0x3d68

Copy (__iar_copy_init3)
    1 source range, total size 0x10:
          0x08001b08    0x10
    1 destination range, total size 0x10:
          0x20000000    0x10



*******************************************************************************
*** MODULE SUMMARY
***

    Module                  ro code  ro data  rw data
    ------                  -------  -------  -------
D:\USER\(D)\대학\RATS\소프트웨어\cubemx\test\FreeRTOSEX_1\FreeRTOSEX_1\EWARM\FreeRTOSEX_1\Obj: [1]
    cmsis_os.o                  188
    heap_4.o                    428            15 384
    list.o                      142
    main.o                      596       28       32
    port.o                      492       12       12
    portasm.o                   168
    startup_stm32f407xx.o       732
    stm32f4xx_hal.o             112                 4
    stm32f4xx_hal_cortex.o      192
    stm32f4xx_hal_gpio.o        500
    stm32f4xx_hal_msp.o          96
    stm32f4xx_hal_rcc.o       1 036
    stm32f4xx_it.o               26
    system_stm32f4xx.o           96        4        4
    tasks.o                   1 788               300
    -------------------------------------------------
    Total:                    6 592       44   15 736

command line: [2]
    -------------------------------------------------
    Total:

dl7M_tlf.a: [3]
    exit.o                        4
    low_level_init.o              4
    -------------------------------------------------
    Total:                        8

m7M_tls.a: [4]
    fpinit_M.o                   34
    -------------------------------------------------
    Total:                       34

rt7M_tl.a: [5]
    ABImemcpy_unaligned.o        86
    I64DivMod.o                 238
    I64DivZer.o                   2
    cexit.o                      10
    cmain.o                      26
    copy_init3.o                 44
    cstartup_M.o                 12
    data_init.o                  40
    zero_init3.o                 64
    -------------------------------------------------
    Total:                      522

shb_l.a: [6]
    exit.o                       20
    -------------------------------------------------
    Total:                       20

    Gaps                         14        2
    Linker created                        36    1 024
-----------------------------------------------------
    Grand Total:              7 190       82   16 760


*******************************************************************************
*** ENTRY LIST
***

Entry                      Address    Size  Type      Object
-----                      -------    ----  ----      ------
.iar.init_table$$Base   0x08001a58           --   Gb  - Linker created -
.iar.init_table$$Limit  0x08001a7c           --   Gb  - Linker created -
?main                   0x08001ab5          Code  Gb  cmain.o [5]
AHBPrescTable           0x08001990    0x10  Data  Gb  system_stm32f4xx.o [1]
BusFault_Handler        0x08001a9f     0x2  Code  Gb  stm32f4xx_it.o [1]
CSTACK$$Base            0x20000010           --   Gb  - Linker created -
CSTACK$$Limit           0x20000410           --   Gb  - Linker created -
DebugMon_Handler        0x08001aa3     0x2  Code  Gb  stm32f4xx_it.o [1]
HAL_GPIO_Init           0x08001639   0x1b6  Code  Gb  stm32f4xx_hal_gpio.o [1]
HAL_GPIO_TogglePin      0x080017f7     0x8  Code  Gb  stm32f4xx_hal_gpio.o [1]
HAL_GPIO_WritePin       0x080017ef     0x8  Code  Gb  stm32f4xx_hal_gpio.o [1]
HAL_GetTick             0x080011bf     0x6  Code  Wk  stm32f4xx_hal.o [1]
HAL_IncTick             0x080011b5     0xa  Code  Wk  stm32f4xx_hal.o [1]
HAL_Init                0x08001161    0x30  Code  Gb  stm32f4xx_hal.o [1]
HAL_InitTick            0x08001191    0x24  Code  Wk  stm32f4xx_hal.o [1]
HAL_MspInit             0x08001381    0x60  Code  Gb  stm32f4xx_hal_msp.o [1]
HAL_NVIC_SetPriority    0x080012f5    0x3a  Code  Gb  stm32f4xx_hal_cortex.o [1]
HAL_NVIC_SetPriorityGrouping
                        0x080012db    0x1a  Code  Gb  stm32f4xx_hal_cortex.o [1]
HAL_RCC_ClockConfig     0x08000fe1    0xfa  Code  Gb  stm32f4xx_hal_rcc.o [1]
HAL_RCC_GetHCLKFreq     0x08001133     0x6  Code  Gb  stm32f4xx_hal_rcc.o [1]
HAL_RCC_GetSysClockFreq
                        0x080010e7    0x4c  Code  Wk  stm32f4xx_hal_rcc.o [1]
HAL_RCC_OscConfig       0x08000d55   0x284  Code  Wk  stm32f4xx_hal_rcc.o [1]
HAL_SYSTICK_CLKSourceConfig
                        0x08001357    0x14  Code  Gb  stm32f4xx_hal_cortex.o [1]
HAL_SYSTICK_Config      0x0800132f    0x28  Code  Gb  stm32f4xx_hal_cortex.o [1]
HardFault_Handler       0x08001a9b     0x2  Code  Gb  stm32f4xx_it.o [1]
LED1Handle              0x20004158     0x4  Data  Gb  main.o [1]
LED1_TASK               0x08001541    0x62  Code  Gb  main.o [1]
LED2Handle              0x2000415c     0x4  Data  Gb  main.o [1]
LED2_TASK               0x080015a3    0x44  Code  Gb  main.o [1]
MemManage_Handler       0x08001a9d     0x2  Code  Gb  stm32f4xx_it.o [1]
NMI_Handler             0x08001a99     0x2  Code  Gb  stm32f4xx_it.o [1]
NVIC_SetPriority        0x080012c1    0x1a  Code  Lc  stm32f4xx_hal_cortex.o [1]
PendSV_Handler          0x08000cad          Code  Gb  portasm.o [1]
Region$$Table$$Base     0x08001a58           --   Gb  - Linker created -
Region$$Table$$Limit    0x08001a7c           --   Gb  - Linker created -
SVC_Handler             0x08000d05          Code  Gb  portasm.o [1]
StartDefaultTask        0x08001537     0xa  Code  Gb  main.o [1]
SysTick_Handler         0x08001aa5     0xe  Code  Gb  stm32f4xx_it.o [1]
SystemClock_Config      0x0800148b    0xac  Code  Gb  main.o [1]
SystemCoreClock         0x2000000c     0x4  Data  Gb  system_stm32f4xx.o [1]
SystemInit              0x08001941    0x3a  Code  Gb  system_stm32f4xx.o [1]
UsageFault_Handler      0x08001aa1     0x2  Code  Gb  stm32f4xx_it.o [1]
__aeabi_ldiv0           0x080013e1          Code  Gb  I64DivZer.o [5]
__aeabi_uldivmod        0x080011d1          Code  Gb  I64DivMod.o [5]
__cmain                 0x08001ab5          Code  Gb  cmain.o [5]
__exit                  0x08001ae5    0x14  Code  Gb  exit.o [6]
__iar_copy_init3        0x080019e1    0x2c  Code  Gb  copy_init3.o [5]
__iar_data_init3        0x08001a0d    0x28  Code  Gb  data_init.o [5]
__iar_init_vfp          0x08001a35          Code  Gb  fpinit_M.o [4]
__iar_program_start     0x08001b19          Code  Gb  cstartup_M.o [5]
__iar_unaligned___aeabi_memcpy4
                        0x0800182d          Code  Gb  ABImemcpy_unaligned.o [5]
__iar_unaligned___aeabi_memcpy8
                        0x0800182d          Code  Gb  ABImemcpy_unaligned.o [5]
__iar_zero_init3        0x080019a1    0x40  Code  Gb  zero_init3.o [5]
__low_level_init        0x08001acf     0x4  Code  Gb  low_level_init.o [3]
__vector_table          0x08000000          Data  Gb  startup_stm32f407xx.o [1]
_call_main              0x08001ac1          Code  Gb  cmain.o [5]
_exit                   0x08001ad9          Code  Gb  cexit.o [5]
_main                   0x08001acb          Code  Gb  cmain.o [5]
count1                  0x20004160     0x4  Data  Gb  main.o [1]
count2                  0x20004164     0x4  Data  Gb  main.o [1]
defaultTaskHandle       0x20004154     0x4  Data  Gb  main.o [1]
exit                    0x08001ad3     0x4  Code  Gb  exit.o [3]
inHandlerMode           0x08001891     0xc  Code  Lc  cmsis_os.o [1]
main                    0x080013e5    0xa6  Code  Gb  main.o [1]
makeFreeRtosPriority    0x08001885     0xc  Code  Lc  cmsis_os.o [1]
osDelay                 0x080018d7     0xe  Code  Gb  cmsis_os.o [1]
osKernelStart           0x0800189d     0xa  Code  Gb  cmsis_os.o [1]
osSystickHandler        0x08001901    0x14  Code  Gb  cmsis_os.o [1]
osThreadCreate          0x080018a7    0x2c  Code  Gb  cmsis_os.o [1]
osThreadGetId           0x080018d3     0x4  Code  Gb  cmsis_os.o [1]
osThreadResume          0x0800191f    0x22  Code  Gb  cmsis_os.o [1]
osThreadSuspend         0x08001915     0xa  Code  Gb  cmsis_os.o [1]
prvAddCurrentTaskToDelayedList
                        0x08000809    0x68  Code  Lc  tasks.o [1]
prvAddNewTaskToReadyList
                        0x08000259    0xa6  Code  Lc  tasks.o [1]
prvDeleteTCB            0x08000765    0x14  Code  Lc  tasks.o [1]
prvIdleTask             0x080006fd    0x54  Code  Lc  tasks.o [1]
prvInitialiseNewTask    0x080001e1    0x78  Code  Lc  tasks.o [1]
prvInsertBlockIntoFreeList
                        0x080009e3    0x46  Code  Lc  heap_4.o [1]
prvResetNextTaskUnblockTime
                        0x08000779    0x1c  Code  Lc  tasks.o [1]
prvTaskExitError        0x08000ae9    0x28  Code  Lc  port.o [1]
prvTaskIsTaskSuspended  0x080003df    0x24  Code  Lc  tasks.o [1]
pvPortMalloc            0x08000885    0xfa  Code  Gb  heap_4.o [1]
pxCurrentTCB            0x20004050     0x4  Data  Gb  tasks.o [1]
pxDelayedTaskList       0x20004054     0x4  Data  Lc  tasks.o [1]
pxEnd                   0x20000418     0x4  Data  Lc  heap_4.o [1]
pxOverflowDelayedTaskList
                        0x20004058     0x4  Data  Lc  tasks.o [1]
pxPortInitialiseStack   0x08000ac1    0x26  Code  Gb  port.o [1]
pxReadyTasksLists       0x200040c8    0x8c  Data  Lc  tasks.o [1]
switch1                 0x2000416c     0x4  Data  Gb  main.o [1]
switch2                 0x20004170     0x4  Data  Gb  main.o [1]
temp1                   0x20004168     0x4  Data  Gb  main.o [1]
ucHeap                  0x20000428  0x3c00  Data  Lc  heap_4.o [1]
ucMaxSysCallPriority    0x20000000     0x1  Data  Lc  port.o [1]
ulMaxPRIGROUPValue      0x20000008     0x4  Data  Lc  port.o [1]
uwTick                  0x20004174     0x4  Data  Gb  stm32f4xx_hal.o [1]
uxCriticalNesting       0x20000004     0x4  Data  Lc  port.o [1]
uxCurrentNumberOfTasks  0x20004074     0x4  Data  Lc  tasks.o [1]
uxDeletedTasksWaitingCleanUp
                        0x2000405c     0x4  Data  Lc  tasks.o [1]
uxListRemove            0x08000a9b    0x24  Code  Gb  list.o [1]
uxPendedTicks           0x20004084     0x4  Data  Lc  tasks.o [1]
uxSchedulerSuspended    0x20004098     0x4  Data  Lc  tasks.o [1]
uxTaskNumber            0x20004090     0x4  Data  Lc  tasks.o [1]
uxTopReadyPriority      0x2000407c     0x4  Data  Lc  tasks.o [1]
vListInitialise         0x08000a31    0x1a  Code  Gb  list.o [1]
vListInitialiseItem     0x08000a4b     0x6  Code  Gb  list.o [1]
vListInsert             0x08000a69    0x32  Code  Gb  list.o [1]
vListInsertEnd          0x08000a51    0x18  Code  Gb  list.o [1]
vPortEnableVFP          0x08000d39          Code  Gb  portasm.o [1]
vPortEnterCritical      0x08000ba9    0x32  Code  Gb  port.o [1]
vPortExitCritical       0x08000bdb    0x24  Code  Gb  port.o [1]
vPortFree               0x08000991    0x44  Code  Gb  heap_4.o [1]
vPortSetupTimerInterrupt
                        0x08000c25    0x18  Code  Wk  port.o [1]
vPortStartFirstTask     0x08000d21          Code  Gb  portasm.o [1]
vPortValidateInterruptPriority
                        0x08000c3d    0x42  Code  Gb  port.o [1]
vTaskDelay              0x080002ff    0x28  Code  Gb  tasks.o [1]
vTaskResume             0x08000403    0x4a  Code  Gb  tasks.o [1]
vTaskStartScheduler     0x080004bf    0x56  Code  Gb  tasks.o [1]
vTaskSuspend            0x08000327    0x5e  Code  Gb  tasks.o [1]
vTaskSuspendAll         0x08000515     0xc  Code  Gb  tasks.o [1]
vTaskSwitchContext      0x0800068f    0x52  Code  Gb  tasks.o [1]
xBlockAllocatedBit      0x20000424     0x4  Data  Lc  heap_4.o [1]
xDelayedTaskList1       0x2000409c    0x14  Data  Lc  tasks.o [1]
xDelayedTaskList2       0x200040b0    0x14  Data  Lc  tasks.o [1]
xFreeBytesRemaining     0x2000041c     0x4  Data  Lc  heap_4.o [1]
xIdleTaskHandle         0x200040c4     0x4  Data  Lc  tasks.o [1]
xMinimumEverFreeBytesRemaining
                        0x20000420     0x4  Data  Lc  heap_4.o [1]
xNextTaskUnblockTime    0x20004094     0x4  Data  Lc  tasks.o [1]
xNumOfOverflows         0x2000408c     0x4  Data  Lc  tasks.o [1]
xPendingReadyList       0x20004028    0x14  Data  Lc  tasks.o [1]
xPortStartScheduler     0x08000b11    0x84  Code  Gb  port.o [1]
xPortSysTickHandler     0x08000bff    0x26  Code  Gb  port.o [1]
xSchedulerRunning       0x20004080     0x4  Data  Lc  tasks.o [1]
xStart                  0x20000410     0x8  Data  Lc  heap_4.o [1]
xSuspendedTaskList      0x20004060    0x14  Data  Lc  tasks.o [1]
xTaskCreate             0x08000189    0x58  Code  Gb  tasks.o [1]
xTaskGetCurrentTaskHandle
                        0x08000795     0x8  Code  Gb  tasks.o [1]
xTaskGetSchedulerState  0x0800079d    0x18  Code  Gb  tasks.o [1]
xTaskIncrementTick      0x080005c7    0xb4  Code  Gb  tasks.o [1]
xTaskResumeAll          0x08000521    0x92  Code  Gb  tasks.o [1]
xTaskResumeFromISR      0x08000457    0x68  Code  Gb  tasks.o [1]
xTasksWaitingTermination
                        0x2000403c    0x14  Data  Lc  tasks.o [1]
xTickCount              0x20004078     0x4  Data  Lc  tasks.o [1]
xYieldPending           0x20004088     0x4  Data  Lc  tasks.o [1]


[1] = D:\USER\(D)\대학\RATS\소프트웨어\cubemx\test\FreeRTOSEX_1\FreeRTOSEX_1\EWARM\FreeRTOSEX_1\Obj
[2] = command line
[3] = dl7M_tlf.a
[4] = m7M_tls.a
[5] = rt7M_tl.a
[6] = shb_l.a

   7 190 bytes of readonly  code memory
      82 bytes of readonly  data memory
  16 760 bytes of readwrite data memory

Errors: none
Warnings: none
