###############################################################################
#
# IAR ELF Linker V7.50.2.10312/W32 for ARM                29/Feb/2020  15:53:08
# Copyright 2007-2015 IAR Systems AB.
#
#    Output file  =  
#        D:\USER\(D)\대학\RATS\소프트웨어\cubemx\test\FreeRTOSEX_3\Mutexes\EWARM\Mutexes\Exe\Mutexes.out
#    Map file     =  
#        D:\USER\(D)\대학\RATS\소프트웨어\cubemx\test\FreeRTOSEX_3\Mutexes\EWARM\Mutexes\List\Mutexes.map
#    Command line =  
#        "D:\USER\(D)\대학\RATS\소프트웨어\cubemx\test\FreeRTOSEX_3\Mutexes\EWARM\Mutexes\Obj\cmsis_os.o"
#        "D:\USER\(D)\대학\RATS\소프트웨어\cubemx\test\FreeRTOSEX_3\Mutexes\EWARM\Mutexes\Obj\croutine.o"
#        "D:\USER\(D)\대학\RATS\소프트웨어\cubemx\test\FreeRTOSEX_3\Mutexes\EWARM\Mutexes\Obj\event_groups.o"
#        "D:\USER\(D)\대학\RATS\소프트웨어\cubemx\test\FreeRTOSEX_3\Mutexes\EWARM\Mutexes\Obj\freertos.o"
#        "D:\USER\(D)\대학\RATS\소프트웨어\cubemx\test\FreeRTOSEX_3\Mutexes\EWARM\Mutexes\Obj\heap_4.o"
#        "D:\USER\(D)\대학\RATS\소프트웨어\cubemx\test\FreeRTOSEX_3\Mutexes\EWARM\Mutexes\Obj\list.o"
#        "D:\USER\(D)\대학\RATS\소프트웨어\cubemx\test\FreeRTOSEX_3\Mutexes\EWARM\Mutexes\Obj\main.o"
#        "D:\USER\(D)\대학\RATS\소프트웨어\cubemx\test\FreeRTOSEX_3\Mutexes\EWARM\Mutexes\Obj\port.o"
#        "D:\USER\(D)\대학\RATS\소프트웨어\cubemx\test\FreeRTOSEX_3\Mutexes\EWARM\Mutexes\Obj\portasm.o"
#        "D:\USER\(D)\대학\RATS\소프트웨어\cubemx\test\FreeRTOSEX_3\Mutexes\EWARM\Mutexes\Obj\queue.o"
#        "D:\USER\(D)\대학\RATS\소프트웨어\cubemx\test\FreeRTOSEX_3\Mutexes\EWARM\Mutexes\Obj\startup_stm32f407xx.o"
#        "D:\USER\(D)\대학\RATS\소프트웨어\cubemx\test\FreeRTOSEX_3\Mutexes\EWARM\Mutexes\Obj\stm32f4xx_hal.o"
#        "D:\USER\(D)\대학\RATS\소프트웨어\cubemx\test\FreeRTOSEX_3\Mutexes\EWARM\Mutexes\Obj\stm32f4xx_hal_cortex.o"
#        "D:\USER\(D)\대학\RATS\소프트웨어\cubemx\test\FreeRTOSEX_3\Mutexes\EWARM\Mutexes\Obj\stm32f4xx_hal_dma.o"
#        "D:\USER\(D)\대학\RATS\소프트웨어\cubemx\test\FreeRTOSEX_3\Mutexes\EWARM\Mutexes\Obj\stm32f4xx_hal_dma_ex.o"
#        "D:\USER\(D)\대학\RATS\소프트웨어\cubemx\test\FreeRTOSEX_3\Mutexes\EWARM\Mutexes\Obj\stm32f4xx_hal_flash.o"
#        "D:\USER\(D)\대학\RATS\소프트웨어\cubemx\test\FreeRTOSEX_3\Mutexes\EWARM\Mutexes\Obj\stm32f4xx_hal_flash_ex.o"
#        "D:\USER\(D)\대학\RATS\소프트웨어\cubemx\test\FreeRTOSEX_3\Mutexes\EWARM\Mutexes\Obj\stm32f4xx_hal_flash_ramfunc.o"
#        "D:\USER\(D)\대학\RATS\소프트웨어\cubemx\test\FreeRTOSEX_3\Mutexes\EWARM\Mutexes\Obj\stm32f4xx_hal_gpio.o"
#        "D:\USER\(D)\대학\RATS\소프트웨어\cubemx\test\FreeRTOSEX_3\Mutexes\EWARM\Mutexes\Obj\stm32f4xx_hal_msp.o"
#        "D:\USER\(D)\대학\RATS\소프트웨어\cubemx\test\FreeRTOSEX_3\Mutexes\EWARM\Mutexes\Obj\stm32f4xx_hal_pwr.o"
#        "D:\USER\(D)\대학\RATS\소프트웨어\cubemx\test\FreeRTOSEX_3\Mutexes\EWARM\Mutexes\Obj\stm32f4xx_hal_pwr_ex.o"
#        "D:\USER\(D)\대학\RATS\소프트웨어\cubemx\test\FreeRTOSEX_3\Mutexes\EWARM\Mutexes\Obj\stm32f4xx_hal_rcc.o"
#        "D:\USER\(D)\대학\RATS\소프트웨어\cubemx\test\FreeRTOSEX_3\Mutexes\EWARM\Mutexes\Obj\stm32f4xx_hal_rcc_ex.o"
#        "D:\USER\(D)\대학\RATS\소프트웨어\cubemx\test\FreeRTOSEX_3\Mutexes\EWARM\Mutexes\Obj\stm32f4xx_hal_tim.o"
#        "D:\USER\(D)\대학\RATS\소프트웨어\cubemx\test\FreeRTOSEX_3\Mutexes\EWARM\Mutexes\Obj\stm32f4xx_hal_tim_ex.o"
#        "D:\USER\(D)\대학\RATS\소프트웨어\cubemx\test\FreeRTOSEX_3\Mutexes\EWARM\Mutexes\Obj\stm32f4xx_it.o"
#        "D:\USER\(D)\대학\RATS\소프트웨어\cubemx\test\FreeRTOSEX_3\Mutexes\EWARM\Mutexes\Obj\system_stm32f4xx.o"
#        "D:\USER\(D)\대학\RATS\소프트웨어\cubemx\test\FreeRTOSEX_3\Mutexes\EWARM\Mutexes\Obj\tasks.o"
#        "D:\USER\(D)\대학\RATS\소프트웨어\cubemx\test\FreeRTOSEX_3\Mutexes\EWARM\Mutexes\Obj\timers.o"
#        --redirect _Printf=_PrintfFull --redirect _Scanf=_ScanfFull -o
#        "D:\USER\(D)\대학\RATS\소프트웨어\cubemx\test\FreeRTOSEX_3\Mutexes\EWARM\Mutexes\Exe\Mutexes.out"
#        --map
#        "D:\USER\(D)\대학\RATS\소프트웨어\cubemx\test\FreeRTOSEX_3\Mutexes\EWARM\Mutexes\List\Mutexes.map"
#        --config
#        "D:\USER\(D)\대학\RATS\소프트웨어\cubemx\test\FreeRTOSEX_3\Mutexes\EWARM/stm32f407xx_flash.icf"
#        --semihosting --entry __iar_program_start --vfe
#
###############################################################################

*******************************************************************************
*** RUNTIME MODEL ATTRIBUTES
***

CppFlavor       = *
__SystemLibrary = DLib


*******************************************************************************
*** PLACEMENT SUMMARY
***

"A1":  place at 0x08000000 { ro section .intvec };
"P1":  place in [from 0x08000000 to 0x080fffff] { ro };
"P2":  place in [from 0x20000000 to 0x2001ffff] { rw, block CSTACK, block HEAP };

  Section            Kind        Address    Size  Object
  -------            ----        -------    ----  ------
"A1":                                      0x188
  .intvec            ro code  0x08000000   0x188  startup_stm32f407xx.o [1]
                            - 0x08000188   0x188

"P1":                                     0x2134
  .text              ro code  0x08000188   0x750  tasks.o [1]
  .text              ro code  0x080008d8   0x1ac  heap_4.o [1]
  .text              ro code  0x08000a84    0x8e  list.o [1]
  .text              ro code  0x08000b14   0x1ec  port.o [1]
  CODE               ro code  0x08000d00    0xa8  portasm.o [1]
  .text              ro code  0x08000da8   0x5a8  queue.o [1]
  .text              ro code  0x08001350    0x76  ABImemcpy_unaligned.o [5]
  .text              ro code  0x080013c8   0x40c  stm32f4xx_hal_rcc.o [1]
  .text              ro code  0x080017d4    0x70  stm32f4xx_hal.o [1]
  .text              ro code  0x08001844    0xee  I64DivMod.o [5]
  .text              ro code  0x08001934    0xc0  stm32f4xx_hal_cortex.o [1]
  .text              ro code  0x080019f4    0x60  stm32f4xx_hal_msp.o [1]
  .text              ro code  0x08001a54     0x2  I64DivZer.o [5]
  .text              ro code  0x08001a58   0x220  main.o [1]
  .text              ro code  0x08001c78   0x1ec  stm32f4xx_hal_gpio.o [1]
  .text              ro code  0x08001e64   0x130  cmsis_os.o [1]
  .text              ro code  0x08001f94    0x60  system_stm32f4xx.o [1]
  .text              ro code  0x08001ff4    0x40  zero_init3.o [5]
  .text              ro code  0x08002034    0x2c  copy_init3.o [5]
  .text              ro code  0x08002060    0x28  data_init.o [5]
  .text              ro code  0x08002088    0x22  fpinit_M.o [4]
  .iar.init_table    const    0x080020ac    0x24  - Linker created -
  .rodata            const    0x080020d0    0x1c  main.o [1]
  .text              ro code  0x080020ec    0x1a  stm32f4xx_it.o [1]
  .text              ro code  0x08002108    0x1a  cmain.o [5]
  .text              ro code  0x08002122     0x4  low_level_init.o [3]
  .text              ro code  0x08002126     0x4  exit.o [3]
  .text              ro code  0x0800212c     0xa  cexit.o [5]
  .text              ro code  0x08002138    0x14  exit.o [6]
  .text              ro code  0x0800214c    0x10  startup_stm32f407xx.o [1]
  Initializer bytes  const    0x0800215c    0x10  <for P2-1>
  .text              ro code  0x0800216c     0xc  cstartup_M.o [5]
  .text              ro code  0x08002178     0x4  startup_stm32f407xx.o [1]
  .text              ro code  0x0800217c     0x4  startup_stm32f407xx.o [1]
  .text              ro code  0x08002180     0x4  startup_stm32f407xx.o [1]
  .text              ro code  0x08002184     0x4  startup_stm32f407xx.o [1]
  .text              ro code  0x08002188     0x4  startup_stm32f407xx.o [1]
  .text              ro code  0x0800218c     0x4  startup_stm32f407xx.o [1]
  .text              ro code  0x08002190     0x4  startup_stm32f407xx.o [1]
  .text              ro code  0x08002194     0x4  startup_stm32f407xx.o [1]
  .text              ro code  0x08002198     0x4  startup_stm32f407xx.o [1]
  .text              ro code  0x0800219c     0x4  startup_stm32f407xx.o [1]
  .text              ro code  0x080021a0     0x4  startup_stm32f407xx.o [1]
  .text              ro code  0x080021a4     0x4  startup_stm32f407xx.o [1]
  .text              ro code  0x080021a8     0x4  startup_stm32f407xx.o [1]
  .text              ro code  0x080021ac     0x4  startup_stm32f407xx.o [1]
  .text              ro code  0x080021b0     0x4  startup_stm32f407xx.o [1]
  .text              ro code  0x080021b4     0x4  startup_stm32f407xx.o [1]
  .text              ro code  0x080021b8     0x4  startup_stm32f407xx.o [1]
  .text              ro code  0x080021bc     0x4  startup_stm32f407xx.o [1]
  .text              ro code  0x080021c0     0x4  startup_stm32f407xx.o [1]
  .text              ro code  0x080021c4     0x4  startup_stm32f407xx.o [1]
  .text              ro code  0x080021c8     0x4  startup_stm32f407xx.o [1]
  .text              ro code  0x080021cc     0x4  startup_stm32f407xx.o [1]
  .text              ro code  0x080021d0     0x4  startup_stm32f407xx.o [1]
  .text              ro code  0x080021d4     0x4  startup_stm32f407xx.o [1]
  .text              ro code  0x080021d8     0x4  startup_stm32f407xx.o [1]
  .text              ro code  0x080021dc     0x4  startup_stm32f407xx.o [1]
  .text              ro code  0x080021e0     0x4  startup_stm32f407xx.o [1]
  .text              ro code  0x080021e4     0x4  startup_stm32f407xx.o [1]
  .text              ro code  0x080021e8     0x4  startup_stm32f407xx.o [1]
  .text              ro code  0x080021ec     0x4  startup_stm32f407xx.o [1]
  .text              ro code  0x080021f0     0x4  startup_stm32f407xx.o [1]
  .text              ro code  0x080021f4     0x4  startup_stm32f407xx.o [1]
  .text              ro code  0x080021f8     0x4  startup_stm32f407xx.o [1]
  .text              ro code  0x080021fc     0x4  startup_stm32f407xx.o [1]
  .text              ro code  0x08002200     0x4  startup_stm32f407xx.o [1]
  .text              ro code  0x08002204     0x4  startup_stm32f407xx.o [1]
  .text              ro code  0x08002208     0x4  startup_stm32f407xx.o [1]
  .text              ro code  0x0800220c     0x4  startup_stm32f407xx.o [1]
  .text              ro code  0x08002210     0x4  startup_stm32f407xx.o [1]
  .text              ro code  0x08002214     0x4  startup_stm32f407xx.o [1]
  .text              ro code  0x08002218     0x4  startup_stm32f407xx.o [1]
  .text              ro code  0x0800221c     0x4  startup_stm32f407xx.o [1]
  .text              ro code  0x08002220     0x4  startup_stm32f407xx.o [1]
  .text              ro code  0x08002224     0x4  startup_stm32f407xx.o [1]
  .text              ro code  0x08002228     0x4  startup_stm32f407xx.o [1]
  .text              ro code  0x0800222c     0x4  startup_stm32f407xx.o [1]
  .text              ro code  0x08002230     0x4  startup_stm32f407xx.o [1]
  .text              ro code  0x08002234     0x4  startup_stm32f407xx.o [1]
  .text              ro code  0x08002238     0x4  startup_stm32f407xx.o [1]
  .text              ro code  0x0800223c     0x4  startup_stm32f407xx.o [1]
  .text              ro code  0x08002240     0x4  startup_stm32f407xx.o [1]
  .text              ro code  0x08002244     0x4  startup_stm32f407xx.o [1]
  .text              ro code  0x08002248     0x4  startup_stm32f407xx.o [1]
  .text              ro code  0x0800224c     0x4  startup_stm32f407xx.o [1]
  .text              ro code  0x08002250     0x4  startup_stm32f407xx.o [1]
  .text              ro code  0x08002254     0x4  startup_stm32f407xx.o [1]
  .text              ro code  0x08002258     0x4  startup_stm32f407xx.o [1]
  .text              ro code  0x0800225c     0x4  startup_stm32f407xx.o [1]
  .text              ro code  0x08002260     0x4  startup_stm32f407xx.o [1]
  .text              ro code  0x08002264     0x4  startup_stm32f407xx.o [1]
  .text              ro code  0x08002268     0x4  startup_stm32f407xx.o [1]
  .text              ro code  0x0800226c     0x4  startup_stm32f407xx.o [1]
  .text              ro code  0x08002270     0x4  startup_stm32f407xx.o [1]
  .text              ro code  0x08002274     0x4  startup_stm32f407xx.o [1]
  .text              ro code  0x08002278     0x4  startup_stm32f407xx.o [1]
  .text              ro code  0x0800227c     0x4  startup_stm32f407xx.o [1]
  .text              ro code  0x08002280     0x4  startup_stm32f407xx.o [1]
  .text              ro code  0x08002284     0x4  startup_stm32f407xx.o [1]
  .text              ro code  0x08002288     0x4  startup_stm32f407xx.o [1]
  .text              ro code  0x0800228c     0x4  startup_stm32f407xx.o [1]
  .text              ro code  0x08002290     0x4  startup_stm32f407xx.o [1]
  .text              ro code  0x08002294     0x4  startup_stm32f407xx.o [1]
  .text              ro code  0x08002298     0x4  startup_stm32f407xx.o [1]
  .text              ro code  0x0800229c     0x4  startup_stm32f407xx.o [1]
  .text              ro code  0x080022a0     0x4  startup_stm32f407xx.o [1]
  .text              ro code  0x080022a4     0x4  startup_stm32f407xx.o [1]
  .text              ro code  0x080022a8     0x4  startup_stm32f407xx.o [1]
  .text              ro code  0x080022ac     0x4  startup_stm32f407xx.o [1]
  .text              ro code  0x080022b0     0x4  startup_stm32f407xx.o [1]
  .text              ro code  0x080022b4     0x4  startup_stm32f407xx.o [1]
  .text              ro code  0x080022b8     0x4  startup_stm32f407xx.o [1]
  .rodata            const    0x080022bc     0x0  zero_init3.o [5]
  .rodata            const    0x080022bc     0x0  copy_init3.o [5]
                            - 0x080022bc  0x2134

"P2", part 1 of 3:                          0x10
  P2-1                        0x20000000    0x10  <Init block>
    .data            inited   0x20000000     0xc  port.o [1]
    .data            inited   0x2000000c     0x4  system_stm32f4xx.o [1]
                            - 0x20000010    0x10

"P2", part 2 of 3:                         0x400
  CSTACK                      0x20000010   0x400  <Block>
    CSTACK           uninit   0x20000010   0x400  <Block tail>
                            - 0x20000410   0x400

"P2", part 3 of 3:                        0x3d64
  .bss               zero     0x20000410  0x3c18  heap_4.o [1]
  .bss               zero     0x20004028    0xa0  tasks.o [1]
  .bss               zero     0x200040c8    0x8c  tasks.o [1]
  .bss               zero     0x20004154    0x1c  main.o [1]
  .bss               zero     0x20004170     0x4  stm32f4xx_hal.o [1]
                            - 0x20004174  0x3d64


*******************************************************************************
*** INIT TABLE
***

          Address     Size
          -------     ----
Zero (__iar_zero_init3)
    1 destination range, total size 0x3d64:
          0x20000410  0x3d64

Copy (__iar_copy_init3)
    1 source range, total size 0x10:
          0x0800215c    0x10
    1 destination range, total size 0x10:
          0x20000000    0x10



*******************************************************************************
*** MODULE SUMMARY
***

    Module                  ro code  ro data  rw data
    ------                  -------  -------  -------
D:\USER\(D)\대학\RATS\소프트웨어\cubemx\test\FreeRTOSEX_3\Mutexes\EWARM\Mutexes\Obj: [1]
    cmsis_os.o                  304
    heap_4.o                    428            15 384
    list.o                      142
    main.o                      544       28       28
    port.o                      492       12       12
    portasm.o                   168
    queue.o                   1 448
    startup_stm32f407xx.o       732
    stm32f4xx_hal.o             112                 4
    stm32f4xx_hal_cortex.o      192
    stm32f4xx_hal_gpio.o        492
    stm32f4xx_hal_msp.o          96
    stm32f4xx_hal_rcc.o       1 036
    stm32f4xx_it.o               26
    system_stm32f4xx.o           96        4        4
    tasks.o                   1 872               300
    -------------------------------------------------
    Total:                    8 180       44   15 732

command line: [2]
    -------------------------------------------------
    Total:

dl7M_tlf.a: [3]
    exit.o                        4
    low_level_init.o              4
    -------------------------------------------------
    Total:                        8

m7M_tls.a: [4]
    fpinit_M.o                   34
    -------------------------------------------------
    Total:                       34

rt7M_tl.a: [5]
    ABImemcpy_unaligned.o       118
    I64DivMod.o                 238
    I64DivZer.o                   2
    cexit.o                      10
    cmain.o                      26
    copy_init3.o                 44
    cstartup_M.o                 12
    data_init.o                  40
    zero_init3.o                 64
    -------------------------------------------------
    Total:                      554

shb_l.a: [6]
    exit.o                       20
    -------------------------------------------------
    Total:                       20

    Gaps                         14        2
    Linker created                        36    1 024
-----------------------------------------------------
    Grand Total:              8 810       82   16 756


*******************************************************************************
*** ENTRY LIST
***

Entry                      Address    Size  Type      Object
-----                      -------    ----  ----      ------
.iar.init_table$$Base   0x080020ac           --   Gb  - Linker created -
.iar.init_table$$Limit  0x080020d0           --   Gb  - Linker created -
?main                   0x08002109          Code  Gb  cmain.o [5]
AHBPrescTable           0x08001fe4    0x10  Data  Gb  system_stm32f4xx.o [1]
BusFault_Handler        0x080020f3     0x2  Code  Gb  stm32f4xx_it.o [1]
CSTACK$$Base            0x20000010           --   Gb  - Linker created -
CSTACK$$Limit           0x20000410           --   Gb  - Linker created -
DebugMon_Handler        0x080020f7     0x2  Code  Gb  stm32f4xx_it.o [1]
HAL_GPIO_Init           0x08001c79   0x1b6  Code  Gb  stm32f4xx_hal_gpio.o [1]
HAL_GPIO_WritePin       0x08001e2f     0x8  Code  Gb  stm32f4xx_hal_gpio.o [1]
HAL_GetTick             0x08001833     0x6  Code  Wk  stm32f4xx_hal.o [1]
HAL_IncTick             0x08001829     0xa  Code  Wk  stm32f4xx_hal.o [1]
HAL_Init                0x080017d5    0x30  Code  Gb  stm32f4xx_hal.o [1]
HAL_InitTick            0x08001805    0x24  Code  Wk  stm32f4xx_hal.o [1]
HAL_MspInit             0x080019f5    0x60  Code  Gb  stm32f4xx_hal_msp.o [1]
HAL_NVIC_SetPriority    0x08001969    0x3a  Code  Gb  stm32f4xx_hal_cortex.o [1]
HAL_NVIC_SetPriorityGrouping
                        0x0800194f    0x1a  Code  Gb  stm32f4xx_hal_cortex.o [1]
HAL_RCC_ClockConfig     0x08001655    0xfa  Code  Gb  stm32f4xx_hal_rcc.o [1]
HAL_RCC_GetHCLKFreq     0x080017a7     0x6  Code  Gb  stm32f4xx_hal_rcc.o [1]
HAL_RCC_GetSysClockFreq
                        0x0800175b    0x4c  Code  Wk  stm32f4xx_hal_rcc.o [1]
HAL_RCC_OscConfig       0x080013c9   0x284  Code  Wk  stm32f4xx_hal_rcc.o [1]
HAL_SYSTICK_CLKSourceConfig
                        0x080019cb    0x14  Code  Gb  stm32f4xx_hal_cortex.o [1]
HAL_SYSTICK_Config      0x080019a3    0x28  Code  Gb  stm32f4xx_hal_cortex.o [1]
HardFault_Handler       0x080020ef     0x2  Code  Gb  stm32f4xx_it.o [1]
MemManage_Handler       0x080020f1     0x2  Code  Gb  stm32f4xx_it.o [1]
NMI_Handler             0x080020ed     0x2  Code  Gb  stm32f4xx_it.o [1]
NVIC_SetPriority        0x08001935    0x1a  Code  Lc  stm32f4xx_hal_cortex.o [1]
PendSV_Handler          0x08000d01          Code  Gb  portasm.o [1]
Region$$Table$$Base     0x080020ac           --   Gb  - Linker created -
Region$$Table$$Limit    0x080020d0           --   Gb  - Linker created -
SVC_Handler             0x08000d59          Code  Gb  portasm.o [1]
StartDefaultTask        0x08001bc7    0x1c  Code  Gb  main.o [1]
StartThread1            0x08001be3    0x1c  Code  Gb  main.o [1]
StartThread2            0x08001c07    0x1c  Code  Gb  main.o [1]
SysTick_Handler         0x080020f9     0xe  Code  Gb  stm32f4xx_it.o [1]
SystemClock_Config      0x08001b1b    0xac  Code  Gb  main.o [1]
SystemCoreClock         0x2000000c     0x4  Data  Gb  system_stm32f4xx.o [1]
SystemInit              0x08001f95    0x3a  Code  Gb  system_stm32f4xx.o [1]
Thread1Handle           0x20004158     0x4  Data  Gb  main.o [1]
Thread2Handle           0x2000415c     0x4  Data  Gb  main.o [1]
UsageFault_Handler      0x080020f5     0x2  Code  Gb  stm32f4xx_it.o [1]
__aeabi_ldiv0           0x08001a55          Code  Gb  I64DivZer.o [5]
__aeabi_uldivmod        0x08001845          Code  Gb  I64DivMod.o [5]
__cmain                 0x08002109          Code  Gb  cmain.o [5]
__exit                  0x08002139    0x14  Code  Gb  exit.o [6]
__iar_copy_init3        0x08002035    0x2c  Code  Gb  copy_init3.o [5]
__iar_data_init3        0x08002061    0x28  Code  Gb  data_init.o [5]
__iar_init_vfp          0x08002089          Code  Gb  fpinit_M.o [4]
__iar_program_start     0x0800216d          Code  Gb  cstartup_M.o [5]
__iar_unaligned___aeabi_memcpy
                        0x08001351          Code  Gb  ABImemcpy_unaligned.o [5]
__iar_unaligned___aeabi_memcpy4
                        0x08001371          Code  Gb  ABImemcpy_unaligned.o [5]
__iar_unaligned___aeabi_memcpy8
                        0x08001371          Code  Gb  ABImemcpy_unaligned.o [5]
__iar_zero_init3        0x08001ff5    0x40  Code  Gb  zero_init3.o [5]
__low_level_init        0x08002123     0x4  Code  Gb  low_level_init.o [3]
__vector_table          0x08000000          Data  Gb  startup_stm32f407xx.o [1]
_call_main              0x08002115          Code  Gb  cmain.o [5]
_exit                   0x0800212d          Code  Gb  cexit.o [5]
_main                   0x0800211f          Code  Gb  cmain.o [5]
counter1                0x20004164     0x4  Data  Gb  main.o [1]
counter2                0x20004168     0x4  Data  Gb  main.o [1]
counter3                0x2000416c     0x4  Data  Gb  main.o [1]
defaultTaskHandle       0x20004154     0x4  Data  Gb  main.o [1]
exit                    0x08002127     0x4  Code  Gb  exit.o [3]
inHandlerMode           0x08001e71     0xc  Code  Lc  cmsis_os.o [1]
main                    0x08001a59    0xc2  Code  Gb  main.o [1]
makeFreeRtosPriority    0x08001e65     0xc  Code  Lc  cmsis_os.o [1]
myMutex01Handle         0x20004160     0x4  Data  Gb  main.o [1]
osDelay                 0x08001eb3     0xe  Code  Gb  cmsis_os.o [1]
osKernelStart           0x08001e7d     0xa  Code  Gb  cmsis_os.o [1]
osMutexCreate           0x08001ec1     0x6  Code  Gb  cmsis_os.o [1]
osMutexRelease          0x08001f07    0x30  Code  Gb  cmsis_os.o [1]
osMutexWait             0x08001ec7    0x40  Code  Gb  cmsis_os.o [1]
osSystickHandler        0x08001f81    0x14  Code  Gb  cmsis_os.o [1]
osThreadCreate          0x08001e87    0x2c  Code  Gb  cmsis_os.o [1]
prvAddCurrentTaskToDelayedList
                        0x0800085d    0x68  Code  Lc  tasks.o [1]
prvAddNewTaskToReadyList
                        0x08000259    0xa6  Code  Lc  tasks.o [1]
prvCopyDataFromQueue    0x080012ab    0x26  Code  Lc  queue.o [1]
prvCopyDataToQueue      0x08001243    0x68  Code  Lc  queue.o [1]
prvDeleteTCB            0x080006c5    0x14  Code  Lc  tasks.o [1]
prvIdleTask             0x0800065d    0x54  Code  Lc  tasks.o [1]
prvInitialiseNewQueue   0x08000e63    0x16  Code  Lc  queue.o [1]
prvInitialiseNewTask    0x080001e1    0x78  Code  Lc  tasks.o [1]
prvInsertBlockIntoFreeList
                        0x08000a37    0x46  Code  Lc  heap_4.o [1]
prvIsQueueEmpty         0x08001337    0x16  Code  Lc  queue.o [1]
prvResetNextTaskUnblockTime
                        0x080006d9    0x1c  Code  Lc  tasks.o [1]
prvTaskExitError        0x08000b3d    0x28  Code  Lc  port.o [1]
prvUnlockQueue          0x080012d1    0x66  Code  Lc  queue.o [1]
pvPortMalloc            0x080008d9    0xfa  Code  Gb  heap_4.o [1]
pvTaskIncrementMutexHeldCount
                        0x08000817    0x14  Code  Gb  tasks.o [1]
pxCurrentTCB            0x20004050     0x4  Data  Gb  tasks.o [1]
pxDelayedTaskList       0x20004054     0x4  Data  Lc  tasks.o [1]
pxEnd                   0x20000418     0x4  Data  Lc  heap_4.o [1]
pxOverflowDelayedTaskList
                        0x20004058     0x4  Data  Lc  tasks.o [1]
pxPortInitialiseStack   0x08000b15    0x26  Code  Gb  port.o [1]
pxReadyTasksLists       0x200040c8    0x8c  Data  Lc  tasks.o [1]
ucHeap                  0x20000428  0x3c00  Data  Lc  heap_4.o [1]
ucMaxSysCallPriority    0x20000000     0x1  Data  Lc  port.o [1]
ulMaxPRIGROUPValue      0x20000008     0x4  Data  Lc  port.o [1]
uwTick                  0x20004170     0x4  Data  Gb  stm32f4xx_hal.o [1]
uxCriticalNesting       0x20000004     0x4  Data  Lc  port.o [1]
uxCurrentNumberOfTasks  0x20004074     0x4  Data  Lc  tasks.o [1]
uxDeletedTasksWaitingCleanUp
                        0x2000405c     0x4  Data  Lc  tasks.o [1]
uxListRemove            0x08000aef    0x24  Code  Gb  list.o [1]
uxPendedTicks           0x20004084     0x4  Data  Lc  tasks.o [1]
uxSchedulerSuspended    0x20004098     0x4  Data  Lc  tasks.o [1]
uxTaskNumber            0x20004090     0x4  Data  Lc  tasks.o [1]
uxTopReadyPriority      0x2000407c     0x4  Data  Lc  tasks.o [1]
vListInitialise         0x08000a85    0x1a  Code  Gb  list.o [1]
vListInitialiseItem     0x08000a9f     0x6  Code  Gb  list.o [1]
vListInsert             0x08000abd    0x32  Code  Gb  list.o [1]
vListInsertEnd          0x08000aa5    0x18  Code  Gb  list.o [1]
vPortEnableVFP          0x08000d8d          Code  Gb  portasm.o [1]
vPortEnterCritical      0x08000bfd    0x32  Code  Gb  port.o [1]
vPortExitCritical       0x08000c2f    0x24  Code  Gb  port.o [1]
vPortFree               0x080009e5    0x44  Code  Gb  heap_4.o [1]
vPortSetupTimerInterrupt
                        0x08000c79    0x18  Code  Wk  port.o [1]
vPortStartFirstTask     0x08000d75          Code  Gb  portasm.o [1]
vPortValidateInterruptPriority
                        0x08000c91    0x42  Code  Gb  port.o [1]
vTaskDelay              0x080002ff    0x28  Code  Gb  tasks.o [1]
vTaskMissedYield        0x08000651     0xa  Code  Gb  tasks.o [1]
vTaskPlaceOnEventList   0x08000553    0x1c  Code  Gb  tasks.o [1]
vTaskPriorityInherit    0x0800070d    0x6e  Code  Gb  tasks.o [1]
vTaskSetTimeOutState    0x080005d9    0x20  Code  Gb  tasks.o [1]
vTaskStartScheduler     0x08000331    0x56  Code  Gb  tasks.o [1]
vTaskSuspendAll         0x08000387     0xc  Code  Gb  tasks.o [1]
vTaskSwitchContext      0x08000501    0x52  Code  Gb  tasks.o [1]
xBlockAllocatedBit      0x20000424     0x4  Data  Lc  heap_4.o [1]
xDelayedTaskList1       0x2000409c    0x14  Data  Lc  tasks.o [1]
xDelayedTaskList2       0x200040b0    0x14  Data  Lc  tasks.o [1]
xFreeBytesRemaining     0x2000041c     0x4  Data  Lc  heap_4.o [1]
xIdleTaskHandle         0x200040c4     0x4  Data  Lc  tasks.o [1]
xMinimumEverFreeBytesRemaining
                        0x20000420     0x4  Data  Lc  heap_4.o [1]
xNextTaskUnblockTime    0x20004094     0x4  Data  Lc  tasks.o [1]
xNumOfOverflows         0x2000408c     0x4  Data  Lc  tasks.o [1]
xPendingReadyList       0x20004028    0x14  Data  Lc  tasks.o [1]
xPortStartScheduler     0x08000b65    0x84  Code  Gb  port.o [1]
xPortSysTickHandler     0x08000c53    0x26  Code  Gb  port.o [1]
xQueueCreateMutex       0x08000e79    0x28  Code  Gb  queue.o [1]
xQueueGenericCreate     0x08000e27    0x3c  Code  Gb  queue.o [1]
xQueueGenericReceive    0x0800105b   0x14e  Code  Gb  queue.o [1]
xQueueGenericReset      0x08000da9    0x7e  Code  Gb  queue.o [1]
xQueueGenericSend       0x08000ea1   0x132  Code  Gb  queue.o [1]
xQueueGiveFromISR       0x08000fd3    0x88  Code  Gb  queue.o [1]
xQueueReceiveFromISR    0x080011b1    0x7c  Code  Gb  queue.o [1]
xSchedulerRunning       0x20004080     0x4  Data  Lc  tasks.o [1]
xStart                  0x20000410     0x8  Data  Lc  heap_4.o [1]
xSuspendedTaskList      0x20004060    0x14  Data  Lc  tasks.o [1]
xTaskCheckForTimeOut    0x080005f9    0x50  Code  Gb  tasks.o [1]
xTaskCreate             0x08000189    0x58  Code  Gb  tasks.o [1]
xTaskGetSchedulerState  0x080006f5    0x18  Code  Gb  tasks.o [1]
xTaskIncrementTick      0x08000439    0xb4  Code  Gb  tasks.o [1]
xTaskPriorityDisinherit
                        0x0800077b    0x7a  Code  Gb  tasks.o [1]
xTaskRemoveFromEventList
                        0x08000573    0x52  Code  Gb  tasks.o [1]
xTaskResumeAll          0x08000393    0x92  Code  Gb  tasks.o [1]
xTasksWaitingTermination
                        0x2000403c    0x14  Data  Lc  tasks.o [1]
xTickCount              0x20004078     0x4  Data  Lc  tasks.o [1]
xYieldPending           0x20004088     0x4  Data  Lc  tasks.o [1]


[1] = D:\USER\(D)\대학\RATS\소프트웨어\cubemx\test\FreeRTOSEX_3\Mutexes\EWARM\Mutexes\Obj
[2] = command line
[3] = dl7M_tlf.a
[4] = m7M_tls.a
[5] = rt7M_tl.a
[6] = shb_l.a

   8 810 bytes of readonly  code memory
      82 bytes of readonly  data memory
  16 756 bytes of readwrite data memory

Errors: none
Warnings: none
